Archive member included to satisfy reference by file (symbol)

c:/program files (x86)/gnu tools arm embedded/7 2018-q2-update/bin/../lib/gcc/arm-none-eabi/7.3.1/../../../../arm-none-eabi/lib/thumb/v7-m\libc_nano.a(lib_a-exit.o)
                              c:/program files (x86)/gnu tools arm embedded/7 2018-q2-update/bin/../lib/gcc/arm-none-eabi/7.3.1/../../../../arm-none-eabi/lib/thumb/v7-m/crt0.o (exit)
c:/program files (x86)/gnu tools arm embedded/7 2018-q2-update/bin/../lib/gcc/arm-none-eabi/7.3.1/../../../../arm-none-eabi/lib/thumb/v7-m\libc_nano.a(lib_a-impure.o)
                              c:/program files (x86)/gnu tools arm embedded/7 2018-q2-update/bin/../lib/gcc/arm-none-eabi/7.3.1/../../../../arm-none-eabi/lib/thumb/v7-m\libc_nano.a(lib_a-exit.o) (_global_impure_ptr)
c:/program files (x86)/gnu tools arm embedded/7 2018-q2-update/bin/../lib/gcc/arm-none-eabi/7.3.1/../../../../arm-none-eabi/lib/thumb/v7-m\libc_nano.a(lib_a-init.o)
                              c:/program files (x86)/gnu tools arm embedded/7 2018-q2-update/bin/../lib/gcc/arm-none-eabi/7.3.1/../../../../arm-none-eabi/lib/thumb/v7-m/crt0.o (__libc_init_array)
c:/program files (x86)/gnu tools arm embedded/7 2018-q2-update/bin/../lib/gcc/arm-none-eabi/7.3.1/../../../../arm-none-eabi/lib/thumb/v7-m\libc_nano.a(lib_a-memcpy-stub.o)
                              build/main.o (memcpy)
c:/program files (x86)/gnu tools arm embedded/7 2018-q2-update/bin/../lib/gcc/arm-none-eabi/7.3.1/../../../../arm-none-eabi/lib/thumb/v7-m\libc_nano.a(lib_a-memset.o)
                              c:/program files (x86)/gnu tools arm embedded/7 2018-q2-update/bin/../lib/gcc/arm-none-eabi/7.3.1/../../../../arm-none-eabi/lib/thumb/v7-m/crt0.o (memset)
c:/program files (x86)/gnu tools arm embedded/7 2018-q2-update/bin/../lib/gcc/arm-none-eabi/7.3.1/../../../../arm-none-eabi/lib/thumb/v7-m\libc_nano.a(lib_a-sprintf.o)
                              build/main.o (sprintf)
c:/program files (x86)/gnu tools arm embedded/7 2018-q2-update/bin/../lib/gcc/arm-none-eabi/7.3.1/../../../../arm-none-eabi/lib/thumb/v7-m\libc_nano.a(lib_a-nano-svfprintf.o)
                              c:/program files (x86)/gnu tools arm embedded/7 2018-q2-update/bin/../lib/gcc/arm-none-eabi/7.3.1/../../../../arm-none-eabi/lib/thumb/v7-m\libc_nano.a(lib_a-sprintf.o) (_svfprintf_r)
c:/program files (x86)/gnu tools arm embedded/7 2018-q2-update/bin/../lib/gcc/arm-none-eabi/7.3.1/../../../../arm-none-eabi/lib/thumb/v7-m\libc_nano.a(lib_a-nano-vfprintf_i.o)
                              c:/program files (x86)/gnu tools arm embedded/7 2018-q2-update/bin/../lib/gcc/arm-none-eabi/7.3.1/../../../../arm-none-eabi/lib/thumb/v7-m\libc_nano.a(lib_a-nano-svfprintf.o) (_printf_i)
c:/program files (x86)/gnu tools arm embedded/7 2018-q2-update/bin/../lib/gcc/arm-none-eabi/7.3.1/../../../../arm-none-eabi/lib/thumb/v7-m\libc_nano.a(lib_a-memchr-stub.o)
                              c:/program files (x86)/gnu tools arm embedded/7 2018-q2-update/bin/../lib/gcc/arm-none-eabi/7.3.1/../../../../arm-none-eabi/lib/thumb/v7-m\libc_nano.a(lib_a-nano-svfprintf.o) (memchr)
c:/program files (x86)/gnu tools arm embedded/7 2018-q2-update/bin/../lib/gcc/arm-none-eabi/7.3.1/../../../../arm-none-eabi/lib/thumb/v7-m\libc_nano.a(lib_a-memmove.o)
                              c:/program files (x86)/gnu tools arm embedded/7 2018-q2-update/bin/../lib/gcc/arm-none-eabi/7.3.1/../../../../arm-none-eabi/lib/thumb/v7-m\libc_nano.a(lib_a-nano-svfprintf.o) (memmove)
c:/program files (x86)/gnu tools arm embedded/7 2018-q2-update/bin/../lib/gcc/arm-none-eabi/7.3.1/../../../../arm-none-eabi/lib/thumb/v7-m\libc_nano.a(lib_a-nano-freer.o)
                              c:/program files (x86)/gnu tools arm embedded/7 2018-q2-update/bin/../lib/gcc/arm-none-eabi/7.3.1/../../../../arm-none-eabi/lib/thumb/v7-m\libc_nano.a(lib_a-nano-svfprintf.o) (_free_r)
c:/program files (x86)/gnu tools arm embedded/7 2018-q2-update/bin/../lib/gcc/arm-none-eabi/7.3.1/../../../../arm-none-eabi/lib/thumb/v7-m\libc_nano.a(lib_a-nano-mallocr.o)
                              c:/program files (x86)/gnu tools arm embedded/7 2018-q2-update/bin/../lib/gcc/arm-none-eabi/7.3.1/../../../../arm-none-eabi/lib/thumb/v7-m\libc_nano.a(lib_a-nano-svfprintf.o) (_malloc_r)
c:/program files (x86)/gnu tools arm embedded/7 2018-q2-update/bin/../lib/gcc/arm-none-eabi/7.3.1/../../../../arm-none-eabi/lib/thumb/v7-m\libc_nano.a(lib_a-nano-reallocr.o)
                              c:/program files (x86)/gnu tools arm embedded/7 2018-q2-update/bin/../lib/gcc/arm-none-eabi/7.3.1/../../../../arm-none-eabi/lib/thumb/v7-m\libc_nano.a(lib_a-nano-svfprintf.o) (_realloc_r)
c:/program files (x86)/gnu tools arm embedded/7 2018-q2-update/bin/../lib/gcc/arm-none-eabi/7.3.1/../../../../arm-none-eabi/lib/thumb/v7-m\libc_nano.a(lib_a-sbrkr.o)
[...]
Memory Configuration

Name             Origin             Length             Attributes
RAM              0x20000000         0x00005000         xrw
FLASH            0x08000000         0x00010000         xr
*default*        0x00000000         0xffffffff

Linker script and memory map

LOAD c:/program files (x86)/gnu tools arm embedded/7 2018-q2-update/bin/../lib/gcc/arm-none-eabi/7.3.1/thumb/v7-m/crti.o
LOAD c:/program files (x86)/gnu tools arm embedded/7 2018-q2-update/bin/../lib/gcc/arm-none-eabi/7.3.1/thumb/v7-m/crtbegin.o
LOAD c:/program files (x86)/gnu tools arm embedded/7 2018-q2-update/bin/../lib/gcc/arm-none-eabi/7.3.1/../../../../arm-none-eabi/lib/thumb/v7-m/crt0.o
LOAD build/main.o
LOAD build/stm32f1xx_it.o
LOAD build/stm32f1xx_hal_msp.o
LOAD build/stm32f1xx_hal_adc.o
LOAD build/stm32f1xx_hal_adc_ex.o
LOAD build/stm32f1xx_hal_gpio_ex.o
LOAD build/stm32f1xx_hal_spi.o
LOAD build/stm32f1xx_hal_spi_ex.o
LOAD build/stm32f1xx_hal_tim.o
LOAD build/stm32f1xx_hal_tim_ex.o
LOAD build/stm32f1xx_hal.o
LOAD build/stm32f1xx_hal_rcc.o
LOAD build/stm32f1xx_hal_rcc_ex.o
LOAD build/stm32f1xx_hal_gpio.o
LOAD build/stm32f1xx_hal_dma.o
LOAD build/stm32f1xx_hal_cortex.o
LOAD build/stm32f1xx_hal_pwr.o
LOAD build/stm32f1xx_hal_flash.o
LOAD build/stm32f1xx_hal_flash_ex.o
LOAD build/system_stm32f1xx.o
LOAD build/ili93412.o
LOAD build/xpt2046.o
LOAD build/startup_stm32f103xb.o
LOAD c:/program files (x86)/gnu tools arm embedded/7 2018-q2-update/bin/../lib/gcc/arm-none-eabi/7.3.1/../../../../arm-none-eabi/lib/thumb/v7-m\libc_nano.a
LOAD c:/program files (x86)/gnu tools arm embedded/7 2018-q2-update/bin/../lib/gcc/arm-none-eabi/7.3.1/../../../../arm-none-eabi/lib/thumb/v7-m\libm.a
LOAD c:/program files (x86)/gnu tools arm embedded/7 2018-q2-update/bin/../lib/gcc/arm-none-eabi/7.3.1/../../../../arm-none-eabi/lib/thumb/v7-m\libnosys.a
START GROUP
LOAD c:/program files (x86)/gnu tools arm embedded/7 2018-q2-update/bin/../lib/gcc/arm-none-eabi/7.3.1/thumb/v7-m\libgcc.a
LOAD c:/program files (x86)/gnu tools arm embedded/7 2018-q2-update/bin/../lib/gcc/arm-none-eabi/7.3.1/../../../../arm-none-eabi/lib/thumb/v7-m\libc_nano.a
END GROUP
START GROUP
LOAD c:/program files (x86)/gnu tools arm embedded/7 2018-q2-update/bin/../lib/gcc/arm-none-eabi/7.3.1/thumb/v7-m\libgcc.a
LOAD c:/program files (x86)/gnu tools arm embedded/7 2018-q2-update/bin/../lib/gcc/arm-none-eabi/7.3.1/../../../../arm-none-eabi/lib/thumb/v7-m\libc_nano.a
END GROUP
LOAD c:/program files (x86)/gnu tools arm embedded/7 2018-q2-update/bin/../lib/gcc/arm-none-eabi/7.3.1/thumb/v7-m/crtend.o
LOAD c:/program files (x86)/gnu tools arm embedded/7 2018-q2-update/bin/../lib/gcc/arm-none-eabi/7.3.1/thumb/v7-m/crtn.o
                0x20005000                _estack = 0x20005000
                0x00000200                _Min_Heap_Size = 0x200
                0x00000400                _Min_Stack_Size = 0x400

.isr_vector     0x08000000      0x10c
                0x08000000                . = ALIGN (0x4)
 *(.isr_vector)
 .isr_vector    0x08000000      0x10c build/startup_stm32f103xb.o
                0x08000000                g_pfnVectors
                0x0800010c                . = ALIGN (0x4)

.text           0x0800010c     0x39d0
                0x0800010c                . = ALIGN (0x4)
 *(.text)
 .text          0x0800010c       0x40 c:/program files (x86)/gnu tools arm embedded/7 2018-q2-update/bin/../lib/gcc/arm-none-eabi/7.3.1/thumb/v7-m/crtbegin.o
 *(.text*)
 .text.MX_GPIO_Init
                0x0800014c       0xd4 build/main.o
 .text.MX_DMA_Init
                0x08000220       0x34 build/main.o
 .text.HAL_ADC_ConvCpltCallback
                0x08000254       0x20 build/main.o
                0x08000254                HAL_ADC_ConvCpltCallback
 .text._Error_Handler
                0x08000274        0x2 build/main.o
                0x08000274                _Error_Handler
 *fill*         0x08000276        0x2 
 .text.MX_SPI2_Init
                0x08000278       0x48 build/main.o
 .text.MX_ADC1_Init
                0x080002c0       0x60 build/main.o
 .text.SystemClock_Config
                0x08000320       0x8c build/main.o
                0x08000320                SystemClock_Config
 .text.main     0x080003ac      0x17c build/main.o
                0x080003ac                main
 .text.NMI_Handler
                0x08000528        0x2 build/stm32f1xx_it.o
                0x08000528                NMI_Handler
 .text.HardFault_Handler
                0x0800052a        0x2 build/stm32f1xx_it.o
                0x0800052a                HardFault_Handler
 .text.MemManage_Handler
                0x0800052c        0x2 build/stm32f1xx_it.o
                0x0800052c                MemManage_Handler
 .text.BusFault_Handler
                0x0800052e        0x2 build/stm32f1xx_it.o
                0x0800052e                BusFault_Handler
 .text.UsageFault_Handler
                0x08000530        0x2 build/stm32f1xx_it.o
                0x08000530                UsageFault_Handler
 .text.SVC_Handler
                0x08000532        0x2 build/stm32f1xx_it.o
                0x08000532                SVC_Handler
 .text.DebugMon_Handler
                0x08000534        0x2 build/stm32f1xx_it.o
                0x08000534                DebugMon_Handler
 .text.PendSV_Handler
                0x08000536        0x2 build/stm32f1xx_it.o
                0x08000536                PendSV_Handler
 .text.SysTick_Handler
                0x08000538        0xc build/stm32f1xx_it.o
                0x08000538                SysTick_Handler
 .text.DMA1_Channel1_IRQHandler
                0x08000544       0x10 build/stm32f1xx_it.o
                0x08000544                DMA1_Channel1_IRQHandler
 .text.HAL_MspInit
                0x08000554       0xa0 build/stm32f1xx_hal_msp.o
                0x08000554                HAL_MspInit
 .text.HAL_ADC_MspInit
                0x080005f4       0x88 build/stm32f1xx_hal_msp.o
                0x080005f4                HAL_ADC_MspInit
 .text.HAL_SPI_MspInit
                0x0800067c       0x5c build/stm32f1xx_hal_msp.o
                0x0800067c                HAL_SPI_MspInit
 .text.ADC_DMAConvCplt
                0x080006d8       0x52 build/stm32f1xx_hal_adc.o
                0x080006d8                ADC_DMAConvCplt
 .text.HAL_ADC_ConvHalfCpltCallback
                0x0800072a        0x2 build/stm32f1xx_hal_adc.o
                0x0800072a                HAL_ADC_ConvHalfCpltCallback
 .text.ADC_DMAHalfConvCplt
                0x0800072c        0xa build/stm32f1xx_hal_adc.o
                0x0800072c                ADC_DMAHalfConvCplt
 .text.HAL_ADC_ErrorCallback
                0x08000736        0x2 build/stm32f1xx_hal_adc.o
                0x08000736                HAL_ADC_ErrorCallback
 .text.ADC_DMAError
                0x08000738       0x1a build/stm32f1xx_hal_adc.o
                0x08000738                ADC_DMAError
 *fill*         0x08000752        0x2 
 .text.HAL_ADC_ConfigChannel
                0x08000754      0x138 build/stm32f1xx_hal_adc.o
                0x08000754                HAL_ADC_ConfigChannel
 .text.ADC_Enable
                0x0800088c       0x80 build/stm32f1xx_hal_adc.o
                0x0800088c                ADC_Enable
 .text.HAL_ADC_Start
                0x0800090c       0xec build/stm32f1xx_hal_adc.o
                0x0800090c                HAL_ADC_Start
 .text.HAL_ADC_Start_DMA
                0x080009f8      0x130 build/stm32f1xx_hal_adc.o
                0x080009f8                HAL_ADC_Start_DMA
 .text.ADC_ConversionStop_Disable
                0x08000b28       0x4c build/stm32f1xx_hal_adc.o
                0x08000b28                ADC_ConversionStop_Disable
 .text.HAL_ADC_Init
                0x08000b74      0x110 build/stm32f1xx_hal_adc.o
                0x08000b74                HAL_ADC_Init
 .text.SPI_WaitFlagStateUntilTimeout
                0x08000c84       0x96 build/stm32f1xx_hal_spi.o
 .text.SPI_CheckFlag_BSY
                0x08000d1a       0x28 build/stm32f1xx_hal_spi.o
 .text.HAL_SPI_Transmit
                0x08000d42      0x1a6 build/stm32f1xx_hal_spi.o
                0x08000d42                HAL_SPI_Transmit
 .text.HAL_SPI_Init
                0x08000ee8       0x82 build/stm32f1xx_hal_spi_ex.o
                0x08000ee8                HAL_SPI_Init
 *fill*         0x08000f6a        0x2 
 .text.HAL_InitTick
                0x08000f6c       0x4c build/stm32f1xx_hal.o
                0x08000f6c                HAL_InitTick
 .text.HAL_Init
                0x08000fb8       0x24 build/stm32f1xx_hal.o
                0x08000fb8                HAL_Init
 .text.HAL_IncTick
                0x08000fdc       0x18 build/stm32f1xx_hal.o
                0x08000fdc                HAL_IncTick
 .text.HAL_GetTick
                0x08000ff4        0xc build/stm32f1xx_hal.o
                0x08000ff4                HAL_GetTick
 .text.HAL_Delay
                0x08001000       0x28 build/stm32f1xx_hal.o
                0x08001000                HAL_Delay
 .text.RCC_Delay
                0x08001028       0x2c build/stm32f1xx_hal_rcc.o
 .text.HAL_RCC_OscConfig
                0x08001054      0x3dc build/stm32f1xx_hal_rcc.o
                0x08001054                HAL_RCC_OscConfig
 .text.HAL_RCC_GetSysClockFreq
                0x08001430       0x70 build/stm32f1xx_hal_rcc.o
                0x08001430                HAL_RCC_GetSysClockFreq
 .text.HAL_RCC_ClockConfig
                0x080014a0      0x178 build/stm32f1xx_hal_rcc.o
                0x080014a0                HAL_RCC_ClockConfig
 .text.HAL_RCC_GetHCLKFreq
                0x08001618        0xc build/stm32f1xx_hal_rcc.o
                0x08001618                HAL_RCC_GetHCLKFreq
 .text.HAL_RCCEx_PeriphCLKConfig
                0x08001624      0x114 build/stm32f1xx_hal_rcc_ex.o
                0x08001624                HAL_RCCEx_PeriphCLKConfig
 .text.HAL_GPIO_Init
                0x08001738      0x1d4 build/stm32f1xx_hal_gpio.o
                0x08001738                HAL_GPIO_Init
 .text.HAL_GPIO_WritePin
                0x0800190c        0xc build/stm32f1xx_hal_gpio.o
                0x0800190c                HAL_GPIO_WritePin
 .text.DMA_SetConfig
                0x08001918       0x2c build/stm32f1xx_hal_dma.o
 .text.HAL_DMA_Init
                0x08001944       0x78 build/stm32f1xx_hal_dma.o
                0x08001944                HAL_DMA_Init
 .text.HAL_DMA_Start_IT
                0x080019bc       0x74 build/stm32f1xx_hal_dma.o
                0x080019bc                HAL_DMA_Start_IT
 .text.HAL_DMA_IRQHandler
                0x08001a30      0x144 build/stm32f1xx_hal_dma.o
                0x08001a30                HAL_DMA_IRQHandler
 .text.HAL_NVIC_SetPriorityGrouping
                0x08001b74       0x24 build/stm32f1xx_hal_cortex.o
                0x08001b74                HAL_NVIC_SetPriorityGrouping
 .text.HAL_NVIC_SetPriority
                0x08001b98       0x68 build/stm32f1xx_hal_cortex.o
                0x08001b98                HAL_NVIC_SetPriority
 .text.HAL_NVIC_EnableIRQ
                0x08001c00       0x18 build/stm32f1xx_hal_cortex.o
                0x08001c00                HAL_NVIC_EnableIRQ
 .text.HAL_SYSTICK_Config
                0x08001c18       0x2c build/stm32f1xx_hal_cortex.o
                0x08001c18                HAL_SYSTICK_Config
 .text.HAL_SYSTICK_CLKSourceConfig
                0x08001c44       0x20 build/stm32f1xx_hal_cortex.o
                0x08001c44                HAL_SYSTICK_CLKSourceConfig
 .text.HAL_SYSTICK_Callback
                0x08001c64        0x2 build/stm32f1xx_hal_cortex.o
                0x08001c64                HAL_SYSTICK_Callback
 .text.HAL_SYSTICK_IRQHandler
                0x08001c66        0x8 build/stm32f1xx_hal_cortex.o
                0x08001c66                HAL_SYSTICK_IRQHandler
 *fill*         0x08001c6e        0x2 
 .text.SystemInit
                0x08001c70       0x4c build/system_stm32f1xx.o
                0x08001c70                SystemInit
 .text.ILI9341_SPI_Error
                0x08001cbc       0x1e build/ili93412.o
 *fill*         0x08001cda        0x2 
 .text.ILI9341_SPI_BeginDraw
                0x08001cdc       0x74 build/ili93412.o
                0x08001cdc                ILI9341_SPI_BeginDraw
 .text.ILI9341_SPI_StopDraw
                0x08001d50       0x3c build/ili93412.o
                0x08001d50                ILI9341_SPI_StopDraw
 .text.ILI9341_Write_Command
                0x08001d8c       0x48 build/ili93412.o
                0x08001d8c                ILI9341_Write_Command
 .text.ILI9341_Write_Data
                0x08001dd4       0x32 build/ili93412.o
                0x08001dd4                ILI9341_Write_Data
 *fill*         0x08001e06        0x2 
 .text.ILI9341_Enable
                0x08001e08       0x10 build/ili93412.o
                0x08001e08                ILI9341_Enable
 .text.ILI9341_Reset
                0x08001e18       0x20 build/ili93412.o
                0x08001e18                ILI9341_Reset
 .text.ILI9341_Init
                0x08001e38      0x2da build/ili93412.o
                0x08001e38                ILI9341_Init
 *fill*         0x08002112        0x2 
 .text.ILI9341_Draw_Pixel
                0x08002114      0x258 build/ili93412.o
                0x08002114                ILI9341_Draw_Pixel
 .text.ILI9341_Draw_Graph
                0x0800236c      0x8a4 build/ili93412.o
                0x0800236c                ILI9341_Draw_Graph
 .text.ILI9341_Draw_Square
                0x08002c10      0x294 build/ili93412.o
                0x08002c10                ILI9341_Draw_Square
 .text.ILI9341_Draw_Char
                0x08002ea4      0x164 build/ili93412.o
                0x08002ea4                ILI9341_Draw_Char
 .text.ILI9341_Draw_Main_Interface
                0x08003008      0x1a4 build/ili93412.o
                0x08003008                ILI9341_Draw_Main_Interface
 .text.xpt2046_enable_irq
                0x080031ac       0x40 build/xpt2046.o
                0x080031ac                xpt2046_enable_irq
 .text.Reset_Handler
                0x080031ec       0x48 build/startup_stm32f103xb.o
                0x080031ec                Reset_Handler
 .text.Default_Handler
                0x08003234        0x2 build/startup_stm32f103xb.o
                0x08003234                RTC_Alarm_IRQHandler
                0x08003234                EXTI2_IRQHandler
                0x08003234                TIM1_CC_IRQHandler
                0x08003234                PVD_IRQHandler
                0x08003234                EXTI3_IRQHandler
                0x08003234                EXTI0_IRQHandler
                0x08003234                I2C2_EV_IRQHandler
                0x08003234                ADC1_2_IRQHandler
                0x08003234                SPI1_IRQHandler
                0x08003234                TAMPER_IRQHandler
                0x08003234                DMA1_Channel4_IRQHandler
                0x08003234                USART3_IRQHandler
                0x08003234                RTC_IRQHandler
                0x08003234                DMA1_Channel7_IRQHandler
                0x08003234                CAN1_RX1_IRQHandler
                0x08003234                TIM4_IRQHandler
                0x08003234                I2C1_EV_IRQHandler
                0x08003234                DMA1_Channel6_IRQHandler
                0x08003234                TIM3_IRQHandler
                0x08003234                RCC_IRQHandler
                0x08003234                TIM1_TRG_COM_IRQHandler
                0x08003234                Default_Handler
                0x08003234                EXTI15_10_IRQHandler
                0x08003234                EXTI9_5_IRQHandler
                0x08003234                SPI2_IRQHandler
                0x08003234                DMA1_Channel5_IRQHandler
                0x08003234                EXTI4_IRQHandler
                0x08003234                USB_LP_CAN1_RX0_IRQHandler
                0x08003234                USB_HP_CAN1_TX_IRQHandler
                0x08003234                DMA1_Channel3_IRQHandler
                0x08003234                TIM1_UP_IRQHandler
                0x08003234                WWDG_IRQHandler
                0x08003234                TIM2_IRQHandler
                0x08003234                TIM1_BRK_IRQHandler
                0x08003234                EXTI1_IRQHandler
                0x08003234                USART2_IRQHandler
                0x08003234                I2C2_ER_IRQHandler
                0x08003234                DMA1_Channel2_IRQHandler
                0x08003234                CAN1_SCE_IRQHandler
                0x08003234                FLASH_IRQHandler
                0x08003234                USART1_IRQHandler
                0x08003234                I2C1_ER_IRQHandler
                0x08003234                USBWakeUp_IRQHandler
 *fill*         0x08003236        0x2 
 .text.__libc_init_array
                0x08003238       0x48 c:/program files (x86)/gnu tools arm embedded/7 2018-q2-update/bin/../lib/gcc/arm-none-eabi/7.3.1/../../../../arm-none-eabi/lib/thumb/v7-m\libc_nano.a(lib_a-init.o)
                0x08003238                __libc_init_array
 .text.memcpy   0x08003280       0x16 c:/program files (x86)/gnu tools arm embedded/7 2018-q2-update/bin/../lib/gcc/arm-none-eabi/7.3.1/../../../../arm-none-eabi/lib/thumb/v7-m\libc_nano.a(lib_a-memcpy-stub.o)
                0x08003280                memcpy
 *fill*         0x08003296        0x2 
 .text.sprintf  0x08003298       0x40 c:/program files (x86)/gnu tools arm embedded/7 2018-q2-update/bin/../lib/gcc/arm-none-eabi/7.3.1/../../../../arm-none-eabi/lib/thumb/v7-m\libc_nano.a(lib_a-sprintf.o)
                0x08003298                siprintf
                0x08003298                sprintf
 .text.__ssputs_r
                0x080032d8       0xb4 c:/program files (x86)/gnu tools arm embedded/7 2018-q2-update/bin/../lib/gcc/arm-none-eabi/7.3.1/../../../../arm-none-eabi/lib/thumb/v7-m\libc_nano.a(lib_a-nano-svfprintf.o)
                0x080032d8                __ssputs_r
 .text._svfprintf_r
                0x0800338c      0x1f0 c:/program files (x86)/gnu tools arm embedded/7 2018-q2-update/bin/../lib/gcc/arm-none-eabi/7.3.1/../../../../arm-none-eabi/lib/thumb/v7-m\libc_nano.a(lib_a-nano-svfprintf.o)
                0x0800338c                _svfiprintf_r
                0x0800338c                _svfprintf_r
 .text._printf_common
                0x0800357c       0xec c:/program files (x86)/gnu tools arm embedded/7 2018-q2-update/bin/../lib/gcc/arm-none-eabi/7.3.1/../../../../arm-none-eabi/lib/thumb/v7-m\libc_nano.a(lib_a-nano-vfprintf_i.o)
                0x0800357c                _printf_common
 .text._printf_i
                0x08003668      0x224 c:/program files (x86)/gnu tools arm embedded/7 2018-q2-update/bin/../lib/gcc/arm-none-eabi/7.3.1/../../../../arm-none-eabi/lib/thumb/v7-m\libc_nano.a(lib_a-nano-vfprintf_i.o)
                0x08003668                _printf_i
 .text.memchr   0x0800388c       0x1c c:/program files (x86)/gnu tools arm embedded/7 2018-q2-update/bin/../lib/gcc/arm-none-eabi/7.3.1/../../../../arm-none-eabi/lib/thumb/v7-m\libc_nano.a(lib_a-memchr-stub.o)
                0x0800388c                memchr
 .text.memmove  0x080038a8       0x32 c:/program files (x86)/gnu tools arm embedded/7 2018-q2-update/bin/../lib/gcc/arm-none-eabi/7.3.1/../../../../arm-none-eabi/lib/thumb/v7-m\libc_nano.a(lib_a-memmove.o)
                0x080038a8                memmove
 *fill*         0x080038da        0x2 
 .text._free_r  0x080038dc       0x98 c:/program files (x86)/gnu tools arm embedded/7 2018-q2-update/bin/../lib/gcc/arm-none-eabi/7.3.1/../../../../arm-none-eabi/lib/thumb/v7-m\libc_nano.a(lib_a-nano-freer.o)
                0x080038dc                _free_r
 .text._malloc_r
                0x08003974       0xb4 c:/program files (x86)/gnu tools arm embedded/7 2018-q2-update/bin/../lib/gcc/arm-none-eabi/7.3.1/../../../../arm-none-eabi/lib/thumb/v7-m\libc_nano.a(lib_a-nano-mallocr.o)
                0x08003974                _malloc_r
 .text._realloc_r
                0x08003a28       0x4c c:/program files (x86)/gnu tools arm embedded/7 2018-q2-update/bin/../lib/gcc/arm-none-eabi/7.3.1/../../../../arm-none-eabi/lib/thumb/v7-m\libc_nano.a(lib_a-nano-reallocr.o)
                0x08003a28                _realloc_r
 .text._sbrk_r  0x08003a74       0x20 c:/program files (x86)/gnu tools arm embedded/7 2018-q2-update/bin/../lib/gcc/arm-none-eabi/7.3.1/../../../../arm-none-eabi/lib/thumb/v7-m\libc_nano.a(lib_a-sbrkr.o)
                0x08003a74                _sbrk_r
 .text.__malloc_lock
                0x08003a94        0x2 c:/program files (x86)/gnu tools arm embedded/7 2018-q2-update/bin/../lib/gcc/arm-none-eabi/7.3.1/../../../../arm-none-eabi/lib/thumb/v7-m\libc_nano.a(lib_a-mlock.o)
                0x08003a94                __malloc_lock
 .text.__malloc_unlock
                0x08003a96        0x2 c:/program files (x86)/gnu tools arm embedded/7 2018-q2-update/bin/../lib/gcc/arm-none-eabi/7.3.1/../../../../arm-none-eabi/lib/thumb/v7-m\libc_nano.a(lib_a-mlock.o)
                0x08003a96                __malloc_unlock
 .text._malloc_usable_size_r
                0x08003a98       0x10 c:/program files (x86)/gnu tools arm embedded/7 2018-q2-update/bin/../lib/gcc/arm-none-eabi/7.3.1/../../../../arm-none-eabi/lib/thumb/v7-m\libc_nano.a(lib_a-nano-msizer.o)
                0x08003a98                _malloc_usable_size_r
 .text._sbrk    0x08003aa8       0x1c c:/program files (x86)/gnu tools arm embedded/7 2018-q2-update/bin/../lib/gcc/arm-none-eabi/7.3.1/../../../../arm-none-eabi/lib/thumb/v7-m\libnosys.a(sbrk.o)
                0x08003aa8                _sbrk
 *(.glue_7)
 .glue_7        0x08003ac4        0x0 linker stubs
 *(.glue_7t)
 .glue_7t       0x08003ac4        0x0 linker stubs
 *(.eh_frame)
 .eh_frame      0x08003ac4        0x0 c:/program files (x86)/gnu tools arm embedded/7 2018-q2-update/bin/../lib/gcc/arm-none-eabi/7.3.1/thumb/v7-m/crtbegin.o
 *(.init)
 .init          0x08003ac4        0x4 c:/program files (x86)/gnu tools arm embedded/7 2018-q2-update/bin/../lib/gcc/arm-none-eabi/7.3.1/thumb/v7-m/crti.o
                0x08003ac4                _init
 .init          0x08003ac8        0x8 c:/program files (x86)/gnu tools arm embedded/7 2018-q2-update/bin/../lib/gcc/arm-none-eabi/7.3.1/thumb/v7-m/crtn.o
 *(.fini)
 .fini          0x08003ad0        0x4 c:/program files (x86)/gnu tools arm embedded/7 2018-q2-update/bin/../lib/gcc/arm-none-eabi/7.3.1/thumb/v7-m/crti.o
                0x08003ad0                _fini
 .fini          0x08003ad4        0x8 c:/program files (x86)/gnu tools arm embedded/7 2018-q2-update/bin/../lib/gcc/arm-none-eabi/7.3.1/thumb/v7-m/crtn.o
                0x08003adc                . = ALIGN (0x4)
                0x08003adc                _etext = .

.vfp11_veneer   0x08003adc        0x0
 .vfp11_veneer  0x08003adc        0x0 linker stubs

.v4_bx          0x08003adc        0x0
 .v4_bx         0x08003adc        0x0 linker stubs

.iplt           0x08003adc        0x0
 .iplt          0x08003adc        0x0 c:/program files (x86)/gnu tools arm embedded/7 2018-q2-update/bin/../lib/gcc/arm-none-eabi/7.3.1/thumb/v7-m/crtbegin.o

.rodata         0x08003adc      0x2c4
                0x08003adc                . = ALIGN (0x4)
 *(.rodata)
 .rodata        0x08003adc       0x12 build/stm32f1xx_hal_rcc.o
 *(.rodata*)
 *fill*         0x08003aee        0x2 
 .rodata.MX_SPI2_Init.str1.4
                0x08003af0        0xb build/main.o
 *fill*         0x08003afb        0x1 
 .rodata.main.str1.4
                0x08003afc        0x5 build/main.o
 *fill*         0x08003b01        0x3 
 .rodata.HAL_ADC_MspInit.str1.4
                0x08003b04       0x18 build/stm32f1xx_hal_msp.o
 .rodata.AHBPrescTable
                0x08003b1c       0x10 build/system_stm32f1xx.o
                0x08003b1c                AHBPrescTable
 .rodata.font   0x08003b2c      0x240 build/ili93412.o
 .rodata._svfprintf_r.str1.1
                0x08003d6c       0x11 c:/program files (x86)/gnu tools arm embedded/7 2018-q2-update/bin/../lib/gcc/arm-none-eabi/7.3.1/../../../../arm-none-eabi/lib/thumb/v7-m\libc_nano.a(lib_a-nano-svfprintf.o)
 .rodata._printf_i.str1.1
                0x08003d7d       0x22 c:/program files (x86)/gnu tools arm embedded/7 2018-q2-update/bin/../lib/gcc/arm-none-eabi/7.3.1/../../../../arm-none-eabi/lib/thumb/v7-m\libc_nano.a(lib_a-nano-vfprintf_i.o)
                0x08003da0                . = ALIGN (0x4)
 *fill*         0x08003d9f        0x1 

.rel.dyn        0x08003da0        0x0
 .rel.iplt      0x08003da0        0x0 c:/program files (x86)/gnu tools arm embedded/7 2018-q2-update/bin/../lib/gcc/arm-none-eabi/7.3.1/thumb/v7-m/crtbegin.o

.ARM.extab
 *(.ARM.extab* .gnu.linkonce.armextab.*)

.ARM            0x08003da0        0x0
                0x08003da0                __exidx_start = .
 *(.ARM.exidx*)
                0x08003da0                __exidx_end = .

.preinit_array  0x08003da0        0x0
                0x08003da0                PROVIDE (__preinit_array_start = .)
 *(.preinit_array*)
                0x08003da0                PROVIDE (__preinit_array_end = .)

.init_array     0x08003da0        0x4
                0x08003da0                PROVIDE (__init_array_start = .)
 *(SORT_BY_NAME(.init_array.*))
 *(.init_array*)
 .init_array    0x08003da0        0x4 c:/program files (x86)/gnu tools arm embedded/7 2018-q2-update/bin/../lib/gcc/arm-none-eabi/7.3.1/thumb/v7-m/crtbegin.o
                0x08003da4                PROVIDE (__init_array_end = .)

.fini_array     0x08003da4        0x4
                [!provide]                PROVIDE (__fini_array_start = .)
 *(SORT_BY_NAME(.fini_array.*))
 *(.fini_array*)
 .fini_array    0x08003da4        0x4 c:/program files (x86)/gnu tools arm embedded/7 2018-q2-update/bin/../lib/gcc/arm-none-eabi/7.3.1/thumb/v7-m/crtbegin.o
                [!provide]                PROVIDE (__fini_array_end = .)
                0x08003da8                _sidata = LOADADDR (.data)

.data           0x20000000       0x78 load address 0x08003da8
                0x20000000                . = ALIGN (0x4)
                0x20000000                _sdata = .
 *(.data)
 *(.data*)
 .data.blocked  0x20000000        0x1 build/main.o
                0x20000000                blocked
 *fill*         0x20000001        0x3 
 .data.ticks    0x20000004        0x4 build/main.o
 .data.uwTickFreq
                0x20000008        0x1 build/stm32f1xx_hal.o
                0x20000008                uwTickFreq
 *fill*         0x20000009        0x3 
 .data.uwTickPrio
                0x2000000c        0x4 build/stm32f1xx_hal.o
                0x2000000c                uwTickPrio
 .data.SystemCoreClock
                0x20000010        0x4 build/system_stm32f1xx.o
                0x20000010                SystemCoreClock
 .data._impure_ptr
                0x20000014        0x4 c:/program files (x86)/gnu tools arm embedded/7 2018-q2-update/bin/../lib/gcc/arm-none-eabi/7.3.1/../../../../arm-none-eabi/lib/thumb/v7-m\libc_nano.a(lib_a-impure.o)
                0x20000014                _impure_ptr
 .data.impure_data
                0x20000018       0x60 c:/program files (x86)/gnu tools arm embedded/7 2018-q2-update/bin/../lib/gcc/arm-none-eabi/7.3.1/../../../../arm-none-eabi/lib/thumb/v7-m\libc_nano.a(lib_a-impure.o)
                0x20000078                . = ALIGN (0x4)
                0x20000078                _edata = .

.igot.plt       0x20000078        0x0 load address 0x08003e20
 .igot.plt      0x20000078        0x0 c:/program files (x86)/gnu tools arm embedded/7 2018-q2-update/bin/../lib/gcc/arm-none-eabi/7.3.1/thumb/v7-m/crtbegin.o
                0x20000078                . = ALIGN (0x4)

.bss            0x20000078      0x20c load address 0x08003e20
                0x20000078                _sbss = .
                0x20000078                __bss_start__ = _sbss
 *(.bss)
 .bss           0x20000078       0x1c c:/program files (x86)/gnu tools arm embedded/7 2018-q2-update/bin/../lib/gcc/arm-none-eabi/7.3.1/thumb/v7-m/crtbegin.o
 *(.bss*)
 .bss.old_char_buffer.6705
                0x20000094        0x6 build/main.o
 *fill*         0x2000009a        0x2 
 .bss.old_char_buffer2.6711
                0x2000009c        0x6 build/main.o
 *fill*         0x200000a2        0x2 
 .bss.random_data_old.6699
                0x200000a4       0xff build/main.o
 *fill*         0x200001a3        0x1 
 .bss.__malloc_free_list
                0x200001a4        0x4 c:/program files (x86)/gnu tools arm embedded/7 2018-q2-update/bin/../lib/gcc/arm-none-eabi/7.3.1/../../../../arm-none-eabi/lib/thumb/v7-m\libc_nano.a(lib_a-nano-mallocr.o)
                0x200001a4                __malloc_free_list
 .bss.__malloc_sbrk_start
                0x200001a8        0x4 c:/program files (x86)/gnu tools arm embedded/7 2018-q2-update/bin/../lib/gcc/arm-none-eabi/7.3.1/../../../../arm-none-eabi/lib/thumb/v7-m\libc_nano.a(lib_a-nano-mallocr.o)
                0x200001a8                __malloc_sbrk_start
 .bss.heap_end.4102
                0x200001ac        0x4 c:/program files (x86)/gnu tools arm embedded/7 2018-q2-update/bin/../lib/gcc/arm-none-eabi/7.3.1/../../../../arm-none-eabi/lib/thumb/v7-m\libnosys.a(sbrk.o)
 *(COMMON)
 COMMON         0x200001b0       0xcc build/main.o
                0x200001b0                hspi2
                0x20000208                hadc1
                0x20000238                hdma_adc1
 COMMON         0x2000027c        0x4 build/stm32f1xx_hal.o
                0x2000027c                uwTick
 COMMON         0x20000280        0x4 c:/program files (x86)/gnu tools arm embedded/7 2018-q2-update/bin/../lib/gcc/arm-none-eabi/7.3.1/../../../../arm-none-eabi/lib/thumb/v7-m\libc_nano.a(lib_a-reent.o)
                0x20000280                errno
                0x20000284                . = ALIGN (0x4)
                0x20000284                _ebss = .
                0x20000284                __bss_end__ = _ebss

._user_heap_stack
                0x20000284      0x604 load address 0x08003e20
                0x20000288                . = ALIGN (0x8)
 *fill*         0x20000284        0x4 
                0x20000288                PROVIDE (end = .)
                [!provide]                PROVIDE (_end = .)
                0x20000488                . = (. + _Min_Heap_Size)
 *fill*         0x20000288      0x200 
                0x20000888                . = (. + _Min_Stack_Size)
 *fill*         0x20000488      0x400 
                0x20000888                . = ALIGN (0x8)

/DISCARD/
 libc.a(*)
 libm.a(*)
 libgcc.a(*)

.ARM.attributes
                0x00000000       0x29
 *(.ARM.attributes)
 .ARM.attributes
                0x00000000       0x1d c:/program files (x86)/gnu tools arm embedded/7 2018-q2-update/bin/../lib/gcc/arm-none-eabi/7.3.1/thumb/v7-m/crti.o
 .ARM.attributes
                0x0000001d       0x2d c:/program files (x86)/gnu tools arm embedded/7 2018-q2-update/bin/../lib/gcc/arm-none-eabi/7.3.1/thumb/v7-m/crtbegin.o
 .ARM.attributes
                0x0000004a       0x33 build/main.o
 .ARM.attributes
                0x0000007d       0x33 build/stm32f1xx_it.o
 .ARM.attributes
                0x000000b0       0x33 build/stm32f1xx_hal_msp.o
 .ARM.attributes
                0x000000e3       0x33 build/stm32f1xx_hal_adc.o
 .ARM.attributes
                0x00000116       0x33 build/stm32f1xx_hal_spi.o
 .ARM.attributes
                0x00000149       0x33 build/stm32f1xx_hal_spi_ex.o
 .ARM.attributes
                0x0000017c       0x33 build/stm32f1xx_hal.o
 .ARM.attributes
                0x000001af       0x33 build/stm32f1xx_hal_rcc.o
 .ARM.attributes
                0x000001e2       0x33 build/stm32f1xx_hal_rcc_ex.o
 .ARM.attributes
                0x00000215       0x33 build/stm32f1xx_hal_gpio.o
 .ARM.attributes
                0x00000248       0x33 build/stm32f1xx_hal_dma.o
 .ARM.attributes
                0x0000027b       0x33 build/stm32f1xx_hal_cortex.o
 .ARM.attributes
                0x000002ae       0x33 build/system_stm32f1xx.o
 .ARM.attributes
                0x000002e1       0x33 build/ili93412.o
 .ARM.attributes
                0x00000314       0x33 build/xpt2046.o
 .ARM.attributes
                0x00000347       0x21 build/startup_stm32f103xb.o
 .ARM.attributes
                0x00000368       0x2d c:/program files (x86)/gnu tools arm embedded/7 2018-q2-update/bin/../lib/gcc/arm-none-eabi/7.3.1/../../../../arm-none-eabi/lib/thumb/v7-m\libc_nano.a(lib_a-impure.o)
 .ARM.attributes
                0x00000395       0x2d c:/program files (x86)/gnu tools arm embedded/7 2018-q2-update/bin/../lib/gcc/arm-none-eabi/7.3.1/../../../../arm-none-eabi/lib/thumb/v7-m\libc_nano.a(lib_a-init.o)
 .ARM.attributes
                0x000003c2       0x2d c:/program files (x86)/gnu tools arm embedded/7 2018-q2-update/bin/../lib/gcc/arm-none-eabi/7.3.1/../../../../arm-none-eabi/lib/thumb/v7-m\libc_nano.a(lib_a-memcpy-stub.o)
 .ARM.attributes
                0x000003ef       0x2d c:/program files (x86)/gnu tools arm embedded/7 2018-q2-update/bin/../lib/gcc/arm-none-eabi/7.3.1/../../../../arm-none-eabi/lib/thumb/v7-m\libc_nano.a(lib_a-sprintf.o)
 .ARM.attributes
                0x0000041c       0x2d c:/program files (x86)/gnu tools arm embedded/7 2018-q2-update/bin/../lib/gcc/arm-none-eabi/7.3.1/../../../../arm-none-eabi/lib/thumb/v7-m\libc_nano.a(lib_a-nano-svfprintf.o)
 .ARM.attributes
                0x00000449       0x2d c:/program files (x86)/gnu tools arm embedded/7 2018-q2-update/bin/../lib/gcc/arm-none-eabi/7.3.1/../../../../arm-none-eabi/lib/thumb/v7-m\libc_nano.a(lib_a-nano-vfprintf_i.o)
 .ARM.attributes
                0x00000476       0x2d c:/program files (x86)/gnu tools arm embedded/7 2018-q2-update/bin/../lib/gcc/arm-none-eabi/7.3.1/../../../../arm-none-eabi/lib/thumb/v7-m\libc_nano.a(lib_a-memchr-stub.o)
 .ARM.attributes
                0x000004a3       0x2d c:/program files (x86)/gnu tools arm embedded/7 2018-q2-update/bin/../lib/gcc/arm-none-eabi/7.3.1/../../../../arm-none-eabi/lib/thumb/v7-m\libc_nano.a(lib_a-memmove.o)
 .ARM.attributes
                0x000004d0       0x2d c:/program files (x86)/gnu tools arm embedded/7 2018-q2-update/bin/../lib/gcc/arm-none-eabi/7.3.1/../../../../arm-none-eabi/lib/thumb/v7-m\libc_nano.a(lib_a-nano-freer.o)
 .ARM.attributes
                0x000004fd       0x2d c:/program files (x86)/gnu tools arm embedded/7 2018-q2-update/bin/../lib/gcc/arm-none-eabi/7.3.1/../../../../arm-none-eabi/lib/thumb/v7-m\libc_nano.a(lib_a-nano-mallocr.o)
 .ARM.attributes
                0x0000052a       0x2d c:/program files (x86)/gnu tools arm embedded/7 2018-q2-update/bin/../lib/gcc/arm-none-eabi/7.3.1/../../../../arm-none-eabi/lib/thumb/v7-m\libc_nano.a(lib_a-nano-reallocr.o)
 .ARM.attributes
                0x00000557       0x2d c:/program files (x86)/gnu tools arm embedded/7 2018-q2-update/bin/../lib/gcc/arm-none-eabi/7.3.1/../../../../arm-none-eabi/lib/thumb/v7-m\libc_nano.a(lib_a-sbrkr.o)
 .ARM.attributes
                0x00000584       0x2d c:/program files (x86)/gnu tools arm embedded/7 2018-q2-update/bin/../lib/gcc/arm-none-eabi/7.3.1/../../../../arm-none-eabi/lib/thumb/v7-m\libc_nano.a(lib_a-mlock.o)
 .ARM.attributes
                0x000005b1       0x2d c:/program files (x86)/gnu tools arm embedded/7 2018-q2-update/bin/../lib/gcc/arm-none-eabi/7.3.1/../../../../arm-none-eabi/lib/thumb/v7-m\libc_nano.a(lib_a-nano-msizer.o)
 .ARM.attributes
                0x000005de       0x2d c:/program files (x86)/gnu tools arm embedded/7 2018-q2-update/bin/../lib/gcc/arm-none-eabi/7.3.1/../../../../arm-none-eabi/lib/thumb/v7-m\libc_nano.a(lib_a-reent.o)
 .ARM.attributes
                0x0000060b       0x2d c:/program files (x86)/gnu tools arm embedded/7 2018-q2-update/bin/../lib/gcc/arm-none-eabi/7.3.1/../../../../arm-none-eabi/lib/thumb/v7-m\libnosys.a(sbrk.o)
 .ARM.attributes
                0x00000638       0x1d c:/program files (x86)/gnu tools arm embedded/7 2018-q2-update/bin/../lib/gcc/arm-none-eabi/7.3.1/thumb/v7-m/crtn.o
OUTPUT(build/STM32Osciloscope.elf elf32-littlearm)

.debug_info     0x00000000    0x14545
 .debug_info    0x00000000     0x1ef6 build/main.o
 .debug_info    0x00001ef6      0xd8f build/stm32f1xx_it.o
 .debug_info    0x00002c85     0x17e7 build/stm32f1xx_hal_msp.o
 .debug_info    0x0000446c     0x1821 build/stm32f1xx_hal_adc.o
 .debug_info    0x00005c8d     0x239e build/stm32f1xx_hal_spi.o
 .debug_info    0x0000802b      0xf8c build/stm32f1xx_hal_spi_ex.o
 .debug_info    0x00008fb7     0x112a build/stm32f1xx_hal.o
 .debug_info    0x0000a0e1     0x1382 build/stm32f1xx_hal_rcc.o
 .debug_info    0x0000b463      0xd81 build/stm32f1xx_hal_rcc_ex.o
 .debug_info    0x0000c1e4      0xfd3 build/stm32f1xx_hal_gpio.o
 .debug_info    0x0000d1b7     0x116d build/stm32f1xx_hal_dma.o
 .debug_info    0x0000e324     0x15fb build/stm32f1xx_hal_cortex.o
 .debug_info    0x0000f91f      0xd44 build/system_stm32f1xx.o
 .debug_info    0x00010663     0x2ebf build/ili93412.o
 .debug_info    0x00013522     0x1001 build/xpt2046.o
 .debug_info    0x00014523       0x22 build/startup_stm32f103xb.o

.debug_abbrev   0x00000000     0x2868
 .debug_abbrev  0x00000000      0x345 build/main.o
 .debug_abbrev  0x00000345      0x1f2 build/stm32f1xx_it.o
 .debug_abbrev  0x00000537      0x242 build/stm32f1xx_hal_msp.o
 .debug_abbrev  0x00000779      0x2a0 build/stm32f1xx_hal_adc.o
 .debug_abbrev  0x00000a19      0x311 build/stm32f1xx_hal_spi.o
 .debug_abbrev  0x00000d2a      0x1eb build/stm32f1xx_hal_spi_ex.o
 .debug_abbrev  0x00000f15      0x2f0 build/stm32f1xx_hal.o
 .debug_abbrev  0x00001205      0x332 build/stm32f1xx_hal_rcc.o
 .debug_abbrev  0x00001537      0x296 build/stm32f1xx_hal_rcc_ex.o
 .debug_abbrev  0x000017cd      0x2be build/stm32f1xx_hal_gpio.o
 .debug_abbrev  0x00001a8b      0x2e3 build/stm32f1xx_hal_dma.o
 .debug_abbrev  0x00001d6e      0x3d3 build/stm32f1xx_hal_cortex.o
 .debug_abbrev  0x00002141      0x209 build/system_stm32f1xx.o
 .debug_abbrev  0x0000234a      0x319 build/ili93412.o
 .debug_abbrev  0x00002663      0x1f3 build/xpt2046.o
 .debug_abbrev  0x00002856       0x12 build/startup_stm32f103xb.o

.debug_loc      0x00000000     0x5c1e
 .debug_loc     0x00000000      0x1da build/main.o
 .debug_loc     0x000001da       0x40 build/stm32f1xx_it.o
 .debug_loc     0x0000021a      0x199 build/stm32f1xx_hal_msp.o
 .debug_loc     0x000003b3      0xd12 build/stm32f1xx_hal_adc.o
 .debug_loc     0x000010c5     0x201c build/stm32f1xx_hal_spi.o
 .debug_loc     0x000030e1       0x79 build/stm32f1xx_hal_spi_ex.o
 .debug_loc     0x0000315a      0x19d build/stm32f1xx_hal.o
 .debug_loc     0x000032f7      0x68e build/stm32f1xx_hal_rcc.o
 .debug_loc     0x00003985      0x358 build/stm32f1xx_hal_rcc_ex.o
 .debug_loc     0x00003cdd      0x516 build/stm32f1xx_hal_gpio.o
 .debug_loc     0x000041f3      0x8da build/stm32f1xx_hal_dma.o
 .debug_loc     0x00004acd      0x63d build/stm32f1xx_hal_cortex.o
 .debug_loc     0x0000510a       0xdf build/system_stm32f1xx.o
 .debug_loc     0x000051e9      0x9fd build/ili93412.o
 .debug_loc     0x00005be6       0x38 build/xpt2046.o

.debug_aranges  0x00000000      0x7c8
 .debug_aranges
                0x00000000       0x58 build/main.o
 .debug_aranges
                0x00000058       0x68 build/stm32f1xx_it.o
 .debug_aranges
                0x000000c0       0x40 build/stm32f1xx_hal_msp.o
 .debug_aranges
                0x00000100       0xf0 build/stm32f1xx_hal_adc.o
 .debug_aranges
                0x000001f0      0x1d0 build/stm32f1xx_hal_spi.o
 .debug_aranges
                0x000003c0       0x20 build/stm32f1xx_hal_spi_ex.o
 .debug_aranges
                0x000003e0       0xd0 build/stm32f1xx_hal.o
 .debug_aranges
                0x000004b0       0x90 build/stm32f1xx_hal_rcc.o
 .debug_aranges
                0x00000540       0x30 build/stm32f1xx_hal_rcc_ex.o
 .debug_aranges
                0x00000570       0x58 build/stm32f1xx_hal_gpio.o
 .debug_aranges
                0x000005c8       0x80 build/stm32f1xx_hal_dma.o
 .debug_aranges
                0x00000648       0x90 build/stm32f1xx_hal_cortex.o
 .debug_aranges
                0x000006d8       0x28 build/system_stm32f1xx.o
 .debug_aranges
                0x00000700       0x80 build/ili93412.o
 .debug_aranges
                0x00000780       0x20 build/xpt2046.o
 .debug_aranges
                0x000007a0       0x28 build/startup_stm32f103xb.o

.debug_ranges   0x00000000      0x810
 .debug_ranges  0x00000000       0x60 build/main.o
 .debug_ranges  0x00000060       0x58 build/stm32f1xx_it.o
 .debug_ranges  0x000000b8       0x30 build/stm32f1xx_hal_msp.o
 .debug_ranges  0x000000e8       0xe0 build/stm32f1xx_hal_adc.o
 .debug_ranges  0x000001c8      0x1c0 build/stm32f1xx_hal_spi.o
 .debug_ranges  0x00000388       0x10 build/stm32f1xx_hal_spi_ex.o
 .debug_ranges  0x00000398       0xc0 build/stm32f1xx_hal.o
 .debug_ranges  0x00000458       0xa0 build/stm32f1xx_hal_rcc.o
 .debug_ranges  0x000004f8       0x38 build/stm32f1xx_hal_rcc_ex.o
 .debug_ranges  0x00000530       0x48 build/stm32f1xx_hal_gpio.o
 .debug_ranges  0x00000578       0x70 build/stm32f1xx_hal_dma.o
 .debug_ranges  0x000005e8       0xe0 build/stm32f1xx_hal_cortex.o
 .debug_ranges  0x000006c8       0x18 build/system_stm32f1xx.o
 .debug_ranges  0x000006e0      0x100 build/ili93412.o
 .debug_ranges  0x000007e0       0x10 build/xpt2046.o
 .debug_ranges  0x000007f0       0x20 build/startup_stm32f103xb.o

.debug_line     0x00000000     0x4f30
 .debug_line    0x00000000      0x4ca build/main.o
 .debug_line    0x000004ca      0x333 build/stm32f1xx_it.o
 .debug_line    0x000007fd      0x351 build/stm32f1xx_hal_msp.o
 .debug_line    0x00000b4e      0x834 build/stm32f1xx_hal_adc.o
 .debug_line    0x00001382      0xcb6 build/stm32f1xx_hal_spi.o
 .debug_line    0x00002038      0x2c6 build/stm32f1xx_hal_spi_ex.o
 .debug_line    0x000022fe      0x44c build/stm32f1xx_hal.o
 .debug_line    0x0000274a      0x5b3 build/stm32f1xx_hal_rcc.o
 .debug_line    0x00002cfd      0x378 build/stm32f1xx_hal_rcc_ex.o
 .debug_line    0x00003075      0x443 build/stm32f1xx_hal_gpio.o
 .debug_line    0x000034b8      0x623 build/stm32f1xx_hal_dma.o
 .debug_line    0x00003adb      0x40e build/stm32f1xx_hal_cortex.o
 .debug_line    0x00003ee9      0x273 build/system_stm32f1xx.o
 .debug_line    0x0000415c      0xade build/ili93412.o
 .debug_line    0x00004c3a      0x284 build/xpt2046.o
 .debug_line    0x00004ebe       0x72 build/startup_stm32f103xb.o

.debug_str      0x00000000     0x27d6
 .debug_str     0x00000000     0x11b2 build/main.o
                               0x12a1 (size before relaxing)
 .debug_str     0x000011b2       0xf2 build/stm32f1xx_it.o
                                0x87e (size before relaxing)
 .debug_str     0x000012a4       0xe4 build/stm32f1xx_hal_msp.o
                                0xefb (size before relaxing)
 .debug_str     0x00001388      0x318 build/stm32f1xx_hal_adc.o
                                0xcb6 (size before relaxing)
 .debug_str     0x000016a0      0x4de build/stm32f1xx_hal_spi.o
                                0xf02 (size before relaxing)
 .debug_str     0x00001b7e       0x38 build/stm32f1xx_hal_spi_ex.o
                                0x9ea (size before relaxing)
 .debug_str     0x00001bb6      0x28a build/stm32f1xx_hal.o
                                0xc14 (size before relaxing)
 .debug_str     0x00001e40      0x1c9 build/stm32f1xx_hal_rcc.o
                                0xa06 (size before relaxing)
 .debug_str     0x00002009       0x81 build/stm32f1xx_hal_rcc_ex.o
                                0x7ea (size before relaxing)
 .debug_str     0x0000208a      0x11e build/stm32f1xx_hal_gpio.o
                                0x82f (size before relaxing)
 .debug_str     0x000021a8      0x1d8 build/stm32f1xx_hal_dma.o
                                0xa26 (size before relaxing)
 .debug_str     0x00002380      0x282 build/stm32f1xx_hal_cortex.o
                                0xcc2 (size before relaxing)
 .debug_str     0x00002602       0x4a build/system_stm32f1xx.o
                                0x698 (size before relaxing)
 .debug_str     0x0000264c      0x158 build/ili93412.o
                                0xbb7 (size before relaxing)
 .debug_str     0x000027a4        0xe build/xpt2046.o
                                0x9a7 (size before relaxing)
 .debug_str     0x000027b2       0x24 build/startup_stm32f103xb.o
                                 0x57 (size before relaxing)

.comment        0x00000000       0x7f
 .comment       0x00000000       0x7f build/main.o
                                 0x80 (size before relaxing)
 .comment       0x0000007f       0x80 build/stm32f1xx_it.o
 .comment       0x0000007f       0x80 build/stm32f1xx_hal_msp.o
 .comment       0x0000007f       0x80 build/stm32f1xx_hal_adc.o
 .comment       0x0000007f       0x80 build/stm32f1xx_hal_spi.o
 .comment       0x0000007f       0x80 build/stm32f1xx_hal_spi_ex.o
 .comment       0x0000007f       0x80 build/stm32f1xx_hal.o
 .comment       0x0000007f       0x80 build/stm32f1xx_hal_rcc.o
 .comment       0x0000007f       0x80 build/stm32f1xx_hal_rcc_ex.o
 .comment       0x0000007f       0x80 build/stm32f1xx_hal_gpio.o
 .comment       0x0000007f       0x80 build/stm32f1xx_hal_dma.o
 .comment       0x0000007f       0x80 build/stm32f1xx_hal_cortex.o
 .comment       0x0000007f       0x80 build/system_stm32f1xx.o
 .comment       0x0000007f       0x80 build/ili93412.o
 .comment       0x0000007f       0x80 build/xpt2046.o

.debug_frame    0x00000000     0x18f0
 .debug_frame   0x00000000      0x104 build/main.o
 .debug_frame   0x00000104       0xc8 build/stm32f1xx_it.o
 .debug_frame   0x000001cc       0xac build/stm32f1xx_hal_msp.o
 .debug_frame   0x00000278      0x31c build/stm32f1xx_hal_adc.o
 .debug_frame   0x00000594      0x5fc build/stm32f1xx_hal_spi.o
 .debug_frame   0x00000b90       0x30 build/stm32f1xx_hal_spi_ex.o
 .debug_frame   0x00000bc0      0x1c0 build/stm32f1xx_hal.o
 .debug_frame   0x00000d80      0x194 build/stm32f1xx_hal_rcc.o
 .debug_frame   0x00000f14       0x74 build/stm32f1xx_hal_rcc_ex.o
 .debug_frame   0x00000f88       0xe8 build/stm32f1xx_hal_gpio.o
 .debug_frame   0x00001070      0x168 build/stm32f1xx_hal_dma.o
 .debug_frame   0x000011d8      0x13c build/stm32f1xx_hal_cortex.o
 .debug_frame   0x00001314       0x30 build/system_stm32f1xx.o
 .debug_frame   0x00001344      0x1e4 build/ili93412.o
 .debug_frame   0x00001528       0x30 build/xpt2046.o
 .debug_frame   0x00001558       0x2c c:/program files (x86)/gnu tools arm embedded/7 2018-q2-update/bin/../lib/gcc/arm-none-eabi/7.3.1/../../../../arm-none-eabi/lib/thumb/v7-m\libc_nano.a(lib_a-init.o)
 .debug_frame   0x00001584       0x28 c:/program files (x86)/gnu tools arm embedded/7 2018-q2-update/bin/../lib/gcc/arm-none-eabi/7.3.1/../../../../arm-none-eabi/lib/thumb/v7-m\libc_nano.a(lib_a-memcpy-stub.o)
 .debug_frame   0x000015ac       0x6c c:/program files (x86)/gnu tools arm embedded/7 2018-q2-update/bin/../lib/gcc/arm-none-eabi/7.3.1/../../../../arm-none-eabi/lib/thumb/v7-m\libc_nano.a(lib_a-sprintf.o)
 .debug_frame   0x00001618       0x90 c:/program files (x86)/gnu tools arm embedded/7 2018-q2-update/bin/../lib/gcc/arm-none-eabi/7.3.1/../../../../arm-none-eabi/lib/thumb/v7-m\libc_nano.a(lib_a-nano-svfprintf.o)
 .debug_frame   0x000016a8       0x60 c:/program files (x86)/gnu tools arm embedded/7 2018-q2-update/bin/../lib/gcc/arm-none-eabi/7.3.1/../../../../arm-none-eabi/lib/thumb/v7-m\libc_nano.a(lib_a-nano-vfprintf_i.o)
 .debug_frame   0x00001708       0x28 c:/program files (x86)/gnu tools arm embedded/7 2018-q2-update/bin/../lib/gcc/arm-none-eabi/7.3.1/../../../../arm-none-eabi/lib/thumb/v7-m\libc_nano.a(lib_a-memchr-stub.o)
 .debug_frame   0x00001730       0x28 c:/program files (x86)/gnu tools arm embedded/7 2018-q2-update/bin/../lib/gcc/arm-none-eabi/7.3.1/../../../../arm-none-eabi/lib/thumb/v7-m\libc_nano.a(lib_a-memmove.o)
 .debug_frame   0x00001758       0x38 c:/program files (x86)/gnu tools arm embedded/7 2018-q2-update/bin/../lib/gcc/arm-none-eabi/7.3.1/../../../../arm-none-eabi/lib/thumb/v7-m\libc_nano.a(lib_a-nano-freer.o)
 .debug_frame   0x00001790       0x2c c:/program files (x86)/gnu tools arm embedded/7 2018-q2-update/bin/../lib/gcc/arm-none-eabi/7.3.1/../../../../arm-none-eabi/lib/thumb/v7-m\libc_nano.a(lib_a-nano-mallocr.o)
 .debug_frame   0x000017bc       0x3c c:/program files (x86)/gnu tools arm embedded/7 2018-q2-update/bin/../lib/gcc/arm-none-eabi/7.3.1/../../../../arm-none-eabi/lib/thumb/v7-m\libc_nano.a(lib_a-nano-reallocr.o)
 .debug_frame   0x000017f8       0x2c c:/program files (x86)/gnu tools arm embedded/7 2018-q2-update/bin/../lib/gcc/arm-none-eabi/7.3.1/../../../../arm-none-eabi/lib/thumb/v7-m\libc_nano.a(lib_a-sbrkr.o)
 .debug_frame   0x00001824       0x30 c:/program files (x86)/gnu tools arm embedded/7 2018-q2-update/bin/../lib/gcc/arm-none-eabi/7.3.1/../../../../arm-none-eabi/lib/thumb/v7-m\libc_nano.a(lib_a-mlock.o)
 .debug_frame   0x00001854       0x20 c:/program files (x86)/gnu tools arm embedded/7 2018-q2-update/bin/../lib/gcc/arm-none-eabi/7.3.1/../../../../arm-none-eabi/lib/thumb/v7-m\libc_nano.a(lib_a-nano-msizer.o)
 .debug_frame   0x00001874       0x5c c:/program files (x86)/gnu tools arm embedded/7 2018-q2-update/bin/../lib/gcc/arm-none-eabi/7.3.1/../../../../arm-none-eabi/lib/thumb/v7-m\libc_nano.a(lib_a-reent.o)
 .debug_frame   0x000018d0       0x20 c:/program files (x86)/gnu tools arm embedded/7 2018-q2-update/bin/../lib/gcc/arm-none-eabi/7.3.1/../../../../arm-none-eabi/lib/thumb/v7-m\libnosys.a(sbrk.o)

Cross Reference Table

Symbol                                            File
ADC1_2_IRQHandler                                 build/startup_stm32f103xb.o
ADC_ConversionStop_Disable                        build/stm32f1xx_hal_adc.o
                                                  build/stm32f1xx_hal_adc_ex.o
ADC_DMAConvCplt                                   build/stm32f1xx_hal_adc.o
                                                  build/stm32f1xx_hal_adc_ex.o
ADC_DMAError                                      build/stm32f1xx_hal_adc.o
                                                  build/stm32f1xx_hal_adc_ex.o
ADC_DMAHalfConvCplt                               build/stm32f1xx_hal_adc.o
                                                  build/stm32f1xx_hal_adc_ex.o
ADC_Enable                                        build/stm32f1xx_hal_adc.o
                                                  build/stm32f1xx_hal_adc_ex.o
AHBPrescTable                                     build/system_stm32f1xx.o
                                                  build/stm32f1xx_hal_rcc.o
APBPrescTable                                     build/system_stm32f1xx.o
                                                  build/stm32f1xx_hal_rcc.o
BusFault_Handler                                  build/stm32f1xx_it.o
CAN1_RX1_IRQHandler                               build/startup_stm32f103xb.o
CAN1_SCE_IRQHandler                               build/startup_stm32f103xb.o
DMA1_Channel1_IRQHandler                          build/stm32f1xx_it.o
DMA1_Channel2_IRQHandler                          build/startup_stm32f103xb.o
DMA1_Channel3_IRQHandler                          build/startup_stm32f103xb.o
DMA1_Channel4_IRQHandler                          build/startup_stm32f103xb.o
DMA1_Channel5_IRQHandler                          build/startup_stm32f103xb.o
DMA1_Channel6_IRQHandler                          build/startup_stm32f103xb.o
DMA1_Channel7_IRQHandler                          build/startup_stm32f103xb.o
DebugMon_Handler                                  build/stm32f1xx_it.o
Default_Handler                                   build/startup_stm32f103xb.o
EXTI0_IRQHandler                                  build/startup_stm32f103xb.o
EXTI15_10_IRQHandler                              build/startup_stm32f103xb.o
EXTI1_IRQHandler                                  build/startup_stm32f103xb.o
EXTI2_IRQHandler                                  build/startup_stm32f103xb.o
EXTI3_IRQHandler                                  build/startup_stm32f103xb.o
EXTI4_IRQHandler                                  build/startup_stm32f103xb.o
EXTI9_5_IRQHandler                                build/startup_stm32f103xb.o
FLASH_IRQHandler                                  build/startup_stm32f103xb.o
FLASH_PageErase                                   build/stm32f1xx_hal_flash_ex.o
                                                  build/stm32f1xx_hal_flash.o
FLASH_WaitForLastOperation                        build/stm32f1xx_hal_flash.o
                                                  build/stm32f1xx_hal_flash_ex.o
HAL_ADCEx_Calibration_Start                       build/stm32f1xx_hal_adc_ex.o
HAL_ADCEx_InjectedConfigChannel                   build/stm32f1xx_hal_adc_ex.o
HAL_ADCEx_InjectedConvCpltCallback                build/stm32f1xx_hal_adc_ex.o
                                                  build/stm32f1xx_hal_adc.o
HAL_ADCEx_InjectedGetValue                        build/stm32f1xx_hal_adc_ex.o
HAL_ADCEx_InjectedPollForConversion               build/stm32f1xx_hal_adc_ex.o
HAL_ADCEx_InjectedStart                           build/stm32f1xx_hal_adc_ex.o
HAL_ADCEx_InjectedStart_IT                        build/stm32f1xx_hal_adc_ex.o
HAL_ADCEx_InjectedStop                            build/stm32f1xx_hal_adc_ex.o
HAL_ADCEx_InjectedStop_IT                         build/stm32f1xx_hal_adc_ex.o
HAL_ADCEx_MultiModeConfigChannel                  build/stm32f1xx_hal_adc_ex.o
HAL_ADCEx_MultiModeGetValue                       build/stm32f1xx_hal_adc_ex.o
HAL_ADCEx_MultiModeStart_DMA                      build/stm32f1xx_hal_adc_ex.o
HAL_ADCEx_MultiModeStop_DMA                       build/stm32f1xx_hal_adc_ex.o
HAL_ADC_AnalogWDGConfig                           build/stm32f1xx_hal_adc.o
HAL_ADC_ConfigChannel                             build/stm32f1xx_hal_adc.o
                                                  build/main.o
HAL_ADC_ConvCpltCallback                          build/main.o
HAL_ADC_ConvHalfCpltCallback                      build/stm32f1xx_hal_adc.o
HAL_ADC_DeInit                                    build/stm32f1xx_hal_adc.o
HAL_ADC_ErrorCallback                             build/stm32f1xx_hal_adc.o
HAL_ADC_GetError                                  build/stm32f1xx_hal_adc.o
HAL_ADC_GetState                                  build/stm32f1xx_hal_adc.o
HAL_ADC_GetValue                                  build/stm32f1xx_hal_adc.o
HAL_ADC_IRQHandler                                build/stm32f1xx_hal_adc.o
HAL_ADC_Init                                      build/stm32f1xx_hal_adc.o
                                                  build/main.o
HAL_ADC_LevelOutOfWindowCallback                  build/stm32f1xx_hal_adc.o
HAL_ADC_MspDeInit                                 build/stm32f1xx_hal_msp.o
HAL_ADC_MspInit                                   build/stm32f1xx_hal_msp.o
HAL_ADC_PollForConversion                         build/stm32f1xx_hal_adc.o
HAL_ADC_PollForEvent                              build/stm32f1xx_hal_adc.o
HAL_ADC_Start                                     build/stm32f1xx_hal_adc.o
                                                  build/main.o
HAL_ADC_Start_DMA                                 build/stm32f1xx_hal_adc.o
                                                  build/main.o
HAL_ADC_Start_IT                                  build/stm32f1xx_hal_adc.o
HAL_ADC_Stop                                      build/stm32f1xx_hal_adc.o
HAL_ADC_Stop_DMA                                  build/stm32f1xx_hal_adc.o
HAL_ADC_Stop_IT                                   build/stm32f1xx_hal_adc.o
HAL_DBGMCU_DisableDBGSleepMode                    build/stm32f1xx_hal.o
HAL_DBGMCU_DisableDBGStandbyMode                  build/stm32f1xx_hal.o
HAL_DBGMCU_DisableDBGStopMode                     build/stm32f1xx_hal.o
HAL_DBGMCU_EnableDBGSleepMode                     build/stm32f1xx_hal.o
HAL_DBGMCU_EnableDBGStandbyMode                   build/stm32f1xx_hal.o
HAL_DBGMCU_EnableDBGStopMode                      build/stm32f1xx_hal.o
HAL_DMA_Abort                                     build/stm32f1xx_hal_dma.o
                                                  build/stm32f1xx_hal_spi.o
                                                  build/stm32f1xx_hal_adc_ex.o
                                                  build/stm32f1xx_hal_adc.o
HAL_DMA_Abort_IT                                  build/stm32f1xx_hal_dma.o
                                                  build/stm32f1xx_hal_spi.o
HAL_DMA_DeInit                                    build/stm32f1xx_hal_dma.o
                                                  build/stm32f1xx_hal_msp.o
HAL_DMA_GetError                                  build/stm32f1xx_hal_dma.o
HAL_DMA_GetState                                  build/stm32f1xx_hal_dma.o
HAL_DMA_IRQHandler                                build/stm32f1xx_hal_dma.o
                                                  build/stm32f1xx_it.o
HAL_DMA_Init                                      build/stm32f1xx_hal_dma.o
                                                  build/stm32f1xx_hal_msp.o
HAL_DMA_PollForTransfer                           build/stm32f1xx_hal_dma.o
HAL_DMA_RegisterCallback                          build/stm32f1xx_hal_dma.o
HAL_DMA_Start                                     build/stm32f1xx_hal_dma.o
HAL_DMA_Start_IT                                  build/stm32f1xx_hal_dma.o
                                                  build/stm32f1xx_hal_spi.o
                                                  build/stm32f1xx_hal_adc_ex.o
                                                  build/stm32f1xx_hal_adc.o
HAL_DMA_UnRegisterCallback                        build/stm32f1xx_hal_dma.o
HAL_DeInit                                        build/stm32f1xx_hal.o
HAL_Delay                                         build/stm32f1xx_hal.o
                                                  build/ili93412.o
HAL_FLASHEx_Erase                                 build/stm32f1xx_hal_flash_ex.o
HAL_FLASHEx_Erase_IT                              build/stm32f1xx_hal_flash_ex.o
HAL_FLASHEx_OBErase                               build/stm32f1xx_hal_flash_ex.o
HAL_FLASHEx_OBGetConfig                           build/stm32f1xx_hal_flash_ex.o
HAL_FLASHEx_OBGetUserData                         build/stm32f1xx_hal_flash_ex.o
HAL_FLASHEx_OBProgram                             build/stm32f1xx_hal_flash_ex.o
HAL_FLASH_EndOfOperationCallback                  build/stm32f1xx_hal_flash.o
HAL_FLASH_GetError                                build/stm32f1xx_hal_flash.o
HAL_FLASH_IRQHandler                              build/stm32f1xx_hal_flash.o
HAL_FLASH_Lock                                    build/stm32f1xx_hal_flash.o
HAL_FLASH_OB_Launch                               build/stm32f1xx_hal_flash.o
HAL_FLASH_OB_Lock                                 build/stm32f1xx_hal_flash.o
HAL_FLASH_OB_Unlock                               build/stm32f1xx_hal_flash.o
HAL_FLASH_OperationErrorCallback                  build/stm32f1xx_hal_flash.o
HAL_FLASH_Program                                 build/stm32f1xx_hal_flash.o
HAL_FLASH_Program_IT                              build/stm32f1xx_hal_flash.o
HAL_FLASH_Unlock                                  build/stm32f1xx_hal_flash.o
HAL_GPIOEx_ConfigEventout                         build/stm32f1xx_hal_gpio_ex.o
HAL_GPIOEx_DisableEventout                        build/stm32f1xx_hal_gpio_ex.o
HAL_GPIOEx_EnableEventout                         build/stm32f1xx_hal_gpio_ex.o
HAL_GPIO_DeInit                                   build/stm32f1xx_hal_gpio.o
                                                  build/stm32f1xx_hal_msp.o
HAL_GPIO_EXTI_Callback                            build/stm32f1xx_hal_gpio.o
HAL_GPIO_EXTI_IRQHandler                          build/stm32f1xx_hal_gpio.o
HAL_GPIO_Init                                     build/stm32f1xx_hal_gpio.o
                                                  build/stm32f1xx_hal_rcc.o
                                                  build/stm32f1xx_hal_msp.o
                                                  build/main.o
HAL_GPIO_LockPin                                  build/stm32f1xx_hal_gpio.o
HAL_GPIO_ReadPin                                  build/stm32f1xx_hal_gpio.o
HAL_GPIO_TogglePin                                build/stm32f1xx_hal_gpio.o
HAL_GPIO_WritePin                                 build/stm32f1xx_hal_gpio.o
                                                  build/main.o
HAL_GetDEVID                                      build/stm32f1xx_hal.o
HAL_GetHalVersion                                 build/stm32f1xx_hal.o
HAL_GetREVID                                      build/stm32f1xx_hal.o
HAL_GetTick                                       build/stm32f1xx_hal.o
                                                  build/ili93412.o
                                                  build/stm32f1xx_hal_flash.o
                                                  build/stm32f1xx_hal_dma.o
                                                  build/stm32f1xx_hal_rcc_ex.o
                                                  build/stm32f1xx_hal_rcc.o
                                                  build/stm32f1xx_hal_spi.o
                                                  build/stm32f1xx_hal_adc_ex.o
                                                  build/stm32f1xx_hal_adc.o
                                                  build/main.o
HAL_GetTickFreq                                   build/stm32f1xx_hal.o
HAL_GetTickPrio                                   build/stm32f1xx_hal.o
HAL_GetUID                                        build/stm32f1xx_hal.o
HAL_IncTick                                       build/stm32f1xx_hal.o
                                                  build/stm32f1xx_it.o
HAL_Init                                          build/stm32f1xx_hal.o
                                                  build/main.o
HAL_InitTick                                      build/stm32f1xx_hal.o
                                                  build/stm32f1xx_hal_rcc.o
HAL_MspDeInit                                     build/stm32f1xx_hal.o
HAL_MspInit                                       build/stm32f1xx_hal_msp.o
HAL_NVIC_ClearPendingIRQ                          build/stm32f1xx_hal_cortex.o
HAL_NVIC_DisableIRQ                               build/stm32f1xx_hal_cortex.o
HAL_NVIC_EnableIRQ                                build/stm32f1xx_hal_cortex.o
                                                  build/main.o
HAL_NVIC_GetActive                                build/stm32f1xx_hal_cortex.o
HAL_NVIC_GetPendingIRQ                            build/stm32f1xx_hal_cortex.o
HAL_NVIC_GetPriority                              build/stm32f1xx_hal_cortex.o
HAL_NVIC_GetPriorityGrouping                      build/stm32f1xx_hal_cortex.o
HAL_NVIC_SetPendingIRQ                            build/stm32f1xx_hal_cortex.o
HAL_NVIC_SetPriority                              build/stm32f1xx_hal_cortex.o
                                                  build/stm32f1xx_hal.o
                                                  build/stm32f1xx_hal_msp.o
                                                  build/main.o
HAL_NVIC_SetPriorityGrouping                      build/stm32f1xx_hal_cortex.o
                                                  build/stm32f1xx_hal.o
                                                  build/stm32f1xx_hal_msp.o
HAL_NVIC_SystemReset                              build/stm32f1xx_hal_cortex.o
                                                  build/stm32f1xx_hal_flash.o
HAL_PWR_ConfigPVD                                 build/stm32f1xx_hal_pwr.o
HAL_PWR_DeInit                                    build/stm32f1xx_hal_pwr.o
HAL_PWR_DisableBkUpAccess                         build/stm32f1xx_hal_pwr.o
HAL_PWR_DisablePVD                                build/stm32f1xx_hal_pwr.o
HAL_PWR_DisableSEVOnPend                          build/stm32f1xx_hal_pwr.o
HAL_PWR_DisableSleepOnExit                        build/stm32f1xx_hal_pwr.o
HAL_PWR_DisableWakeUpPin                          build/stm32f1xx_hal_pwr.o
HAL_PWR_EnableBkUpAccess                          build/stm32f1xx_hal_pwr.o
HAL_PWR_EnablePVD                                 build/stm32f1xx_hal_pwr.o
HAL_PWR_EnableSEVOnPend                           build/stm32f1xx_hal_pwr.o
HAL_PWR_EnableSleepOnExit                         build/stm32f1xx_hal_pwr.o
HAL_PWR_EnableWakeUpPin                           build/stm32f1xx_hal_pwr.o
HAL_PWR_EnterSLEEPMode                            build/stm32f1xx_hal_pwr.o
HAL_PWR_EnterSTANDBYMode                          build/stm32f1xx_hal_pwr.o
HAL_PWR_EnterSTOPMode                             build/stm32f1xx_hal_pwr.o
HAL_PWR_PVDCallback                               build/stm32f1xx_hal_pwr.o
HAL_PWR_PVD_IRQHandler                            build/stm32f1xx_hal_pwr.o
HAL_RCCEx_GetPeriphCLKConfig                      build/stm32f1xx_hal_rcc_ex.o
HAL_RCCEx_GetPeriphCLKFreq                        build/stm32f1xx_hal_rcc_ex.o
                                                  build/stm32f1xx_hal_adc_ex.o
                                                  build/stm32f1xx_hal_adc.o
HAL_RCCEx_PeriphCLKConfig                         build/stm32f1xx_hal_rcc_ex.o
                                                  build/main.o
HAL_RCC_CSSCallback                               build/stm32f1xx_hal_rcc.o
HAL_RCC_ClockConfig                               build/stm32f1xx_hal_rcc.o
                                                  build/main.o
HAL_RCC_DeInit                                    build/stm32f1xx_hal_rcc.o
HAL_RCC_DisableCSS                                build/stm32f1xx_hal_rcc.o
HAL_RCC_EnableCSS                                 build/stm32f1xx_hal_rcc.o
HAL_RCC_GetClockConfig                            build/stm32f1xx_hal_rcc.o
HAL_RCC_GetHCLKFreq                               build/stm32f1xx_hal_rcc.o
                                                  build/main.o
HAL_RCC_GetOscConfig                              build/stm32f1xx_hal_rcc.o
HAL_RCC_GetPCLK1Freq                              build/stm32f1xx_hal_rcc.o
HAL_RCC_GetPCLK2Freq                              build/stm32f1xx_hal_rcc.o
                                                  build/stm32f1xx_hal_rcc_ex.o
HAL_RCC_GetSysClockFreq                           build/stm32f1xx_hal_rcc.o
HAL_RCC_MCOConfig                                 build/stm32f1xx_hal_rcc.o
HAL_RCC_NMI_IRQHandler                            build/stm32f1xx_hal_rcc.o
HAL_RCC_OscConfig                                 build/stm32f1xx_hal_rcc.o
                                                  build/main.o
HAL_ResumeTick                                    build/stm32f1xx_hal.o
HAL_SPI_Abort                                     build/stm32f1xx_hal_spi.o
HAL_SPI_AbortCpltCallback                         build/stm32f1xx_hal_spi.o
HAL_SPI_Abort_IT                                  build/stm32f1xx_hal_spi.o
HAL_SPI_DMAPause                                  build/stm32f1xx_hal_spi.o
HAL_SPI_DMAResume                                 build/stm32f1xx_hal_spi.o
HAL_SPI_DMAStop                                   build/stm32f1xx_hal_spi.o
HAL_SPI_DeInit                                    build/stm32f1xx_hal_spi.o
HAL_SPI_ErrorCallback                             build/stm32f1xx_hal_spi.o
HAL_SPI_GetError                                  build/stm32f1xx_hal_spi.o
HAL_SPI_GetState                                  build/stm32f1xx_hal_spi.o
HAL_SPI_IRQHandler                                build/stm32f1xx_hal_spi.o
HAL_SPI_Init                                      build/stm32f1xx_hal_spi_ex.o
                                                  build/stm32f1xx_hal_spi.o
                                                  build/main.o
HAL_SPI_MspDeInit                                 build/stm32f1xx_hal_msp.o
HAL_SPI_MspInit                                   build/stm32f1xx_hal_msp.o
                                                  build/stm32f1xx_hal_spi_ex.o
HAL_SPI_Receive                                   build/stm32f1xx_hal_spi.o
HAL_SPI_Receive_DMA                               build/stm32f1xx_hal_spi.o
HAL_SPI_Receive_IT                                build/stm32f1xx_hal_spi.o
HAL_SPI_RxCpltCallback                            build/stm32f1xx_hal_spi.o
HAL_SPI_RxHalfCpltCallback                        build/stm32f1xx_hal_spi.o
HAL_SPI_Transmit                                  build/stm32f1xx_hal_spi.o
                                                  build/xpt2046.o
HAL_SPI_TransmitReceive                           build/stm32f1xx_hal_spi.o
HAL_SPI_TransmitReceive_DMA                       build/stm32f1xx_hal_spi.o
HAL_SPI_TransmitReceive_IT                        build/stm32f1xx_hal_spi.o
HAL_SPI_Transmit_DMA                              build/stm32f1xx_hal_spi.o
HAL_SPI_Transmit_IT                               build/stm32f1xx_hal_spi.o
HAL_SPI_TxCpltCallback                            build/stm32f1xx_hal_spi.o
HAL_SPI_TxHalfCpltCallback                        build/stm32f1xx_hal_spi.o
HAL_SPI_TxRxCpltCallback                          build/stm32f1xx_hal_spi.o
HAL_SPI_TxRxHalfCpltCallback                      build/stm32f1xx_hal_spi.o
HAL_SYSTICK_CLKSourceConfig                       build/stm32f1xx_hal_cortex.o
                                                  build/main.o
HAL_SYSTICK_Callback                              build/stm32f1xx_hal_cortex.o
HAL_SYSTICK_Config                                build/stm32f1xx_hal_cortex.o
                                                  build/stm32f1xx_hal.o
                                                  build/main.o
HAL_SYSTICK_IRQHandler                            build/stm32f1xx_hal_cortex.o
                                                  build/stm32f1xx_it.o
HAL_SetTickFreq                                   build/stm32f1xx_hal.o
HAL_SuspendTick                                   build/stm32f1xx_hal.o
HardFault_Handler                                 build/stm32f1xx_it.o
I2C1_ER_IRQHandler                                build/startup_stm32f103xb.o
I2C1_EV_IRQHandler                                build/startup_stm32f103xb.o
I2C2_ER_IRQHandler                                build/startup_stm32f103xb.o
I2C2_EV_IRQHandler                                build/startup_stm32f103xb.o
ILI9341_Draw_Char                                 build/ili93412.o
                                                  build/main.o
ILI9341_Draw_Graph                                build/ili93412.o
                                                  build/main.o
ILI9341_Draw_Main_Interface                       build/ili93412.o
                                                  build/main.o
ILI9341_Draw_Pixel                                build/ili93412.o
ILI9341_Draw_Square                               build/ili93412.o
ILI9341_Enable                                    build/ili93412.o
ILI9341_Init                                      build/ili93412.o
                                                  build/main.o
ILI9341_Reset                                     build/ili93412.o
ILI9341_SPI_BeginDraw                             build/ili93412.o
                                                  build/main.o
ILI9341_SPI_StopDraw                              build/ili93412.o
ILI9341_Write_Command                             build/ili93412.o
ILI9341_Write_Data                                build/ili93412.o
MemManage_Handler                                 build/stm32f1xx_it.o
NMI_Handler                                       build/stm32f1xx_it.o
PVD_IRQHandler                                    build/startup_stm32f103xb.o
PendSV_Handler                                    build/stm32f1xx_it.o
RCC_IRQHandler                                    build/startup_stm32f103xb.o
RTC_Alarm_IRQHandler                              build/startup_stm32f103xb.o
RTC_IRQHandler                                    build/startup_stm32f103xb.o
Reset_Handler                                     build/startup_stm32f103xb.o
SPI1_IRQHandler                                   build/startup_stm32f103xb.o
SPI2_IRQHandler                                   build/startup_stm32f103xb.o
SPI_ISCRCErrorValid                               build/stm32f1xx_hal_spi.o
SVC_Handler                                       build/stm32f1xx_it.o
SysTick_Handler                                   build/stm32f1xx_it.o
SystemClock_Config                                build/main.o
SystemCoreClock                                   build/system_stm32f1xx.o
                                                  build/stm32f1xx_hal_rcc.o
                                                  build/stm32f1xx_hal.o
                                                  build/stm32f1xx_hal_spi.o
                                                  build/stm32f1xx_hal_adc_ex.o
                                                  build/stm32f1xx_hal_adc.o
SystemCoreClockUpdate                             build/system_stm32f1xx.o
SystemInit                                        build/system_stm32f1xx.o
                                                  build/startup_stm32f103xb.o
TAMPER_IRQHandler                                 build/startup_stm32f103xb.o
TIM1_BRK_IRQHandler                               build/startup_stm32f103xb.o
TIM1_CC_IRQHandler                                build/startup_stm32f103xb.o
TIM1_TRG_COM_IRQHandler                           build/startup_stm32f103xb.o
TIM1_UP_IRQHandler                                build/startup_stm32f103xb.o
TIM2_IRQHandler                                   build/startup_stm32f103xb.o
TIM3_IRQHandler                                   build/startup_stm32f103xb.o
TIM4_IRQHandler                                   build/startup_stm32f103xb.o
USART1_IRQHandler                                 build/startup_stm32f103xb.o
USART2_IRQHandler                                 build/startup_stm32f103xb.o
USART3_IRQHandler                                 build/startup_stm32f103xb.o
USBWakeUp_IRQHandler                              build/startup_stm32f103xb.o
USB_HP_CAN1_TX_IRQHandler                         build/startup_stm32f103xb.o
USB_LP_CAN1_RX0_IRQHandler                        build/startup_stm32f103xb.o
UsageFault_Handler                                build/stm32f1xx_it.o
WWDG_IRQHandler                                   build/startup_stm32f103xb.o
_Error_Handler                                    build/main.o
                                                  build/stm32f1xx_hal_msp.o
__bss_end__                                       c:/program files (x86)/gnu tools arm embedded/7 2018-q2-update/bin/../lib/gcc/arm-none-eabi/7.3.1/../../../../arm-none-eabi/lib/thumb/v7-m/crt0.o
__bss_start__                                     c:/program files (x86)/gnu tools arm embedded/7 2018-q2-update/bin/../lib/gcc/arm-none-eabi/7.3.1/../../../../arm-none-eabi/lib/thumb/v7-m/crt0.o
__call_exitprocs                                  c:/program files (x86)/gnu tools arm embedded/7 2018-q2-update/bin/../lib/gcc/arm-none-eabi/7.3.1/../../../../arm-none-eabi/lib/thumb/v7-m\libc_nano.a(lib_a-exit.o)
__deregister_frame_info                           c:/program files (x86)/gnu tools arm embedded/7 2018-q2-update/bin/../lib/gcc/arm-none-eabi/7.3.1/thumb/v7-m/crtbegin.o
__dso_handle                                      c:/program files (x86)/gnu tools arm embedded/7 2018-q2-update/bin/../lib/gcc/arm-none-eabi/7.3.1/thumb/v7-m/crtbegin.o
__init_array_end                                  c:/program files (x86)/gnu tools arm embedded/7 2018-q2-update/bin/../lib/gcc/arm-none-eabi/7.3.1/../../../../arm-none-eabi/lib/thumb/v7-m\libc_nano.a(lib_a-init.o)
__init_array_start                                c:/program files (x86)/gnu tools arm embedded/7 2018-q2-update/bin/../lib/gcc/arm-none-eabi/7.3.1/../../../../arm-none-eabi/lib/thumb/v7-m\libc_nano.a(lib_a-init.o)
__libc_fini_array                                 c:/program files (x86)/gnu tools arm embedded/7 2018-q2-update/bin/../lib/gcc/arm-none-eabi/7.3.1/../../../../arm-none-eabi/lib/thumb/v7-m/crt0.o
__libc_init_array                                 c:/program files (x86)/gnu tools arm embedded/7 2018-q2-update/bin/../lib/gcc/arm-none-eabi/7.3.1/../../../../arm-none-eabi/lib/thumb/v7-m\libc_nano.a(lib_a-init.o)
                                                  build/startup_stm32f103xb.o
                                                  c:/program files (x86)/gnu tools arm embedded/7 2018-q2-update/bin/../lib/gcc/arm-none-eabi/7.3.1/../../../../arm-none-eabi/lib/thumb/v7-m/crt0.o
__malloc_free_list                                c:/program files (x86)/gnu tools arm embedded/7 2018-q2-update/bin/../lib/gcc/arm-none-eabi/7.3.1/../../../../arm-none-eabi/lib/thumb/v7-m\libc_nano.a(lib_a-nano-mallocr.o)
                                                  c:/program files (x86)/gnu tools arm embedded/7 2018-q2-update/bin/../lib/gcc/arm-none-eabi/7.3.1/../../../../arm-none-eabi/lib/thumb/v7-m\libc_nano.a(lib_a-nano-freer.o)
__malloc_lock                                     c:/program files (x86)/gnu tools arm embedded/7 2018-q2-update/bin/../lib/gcc/arm-none-eabi/7.3.1/../../../../arm-none-eabi/lib/thumb/v7-m\libc_nano.a(lib_a-mlock.o)
                                                  c:/program files (x86)/gnu tools arm embedded/7 2018-q2-update/bin/../lib/gcc/arm-none-eabi/7.3.1/../../../../arm-none-eabi/lib/thumb/v7-m\libc_nano.a(lib_a-nano-mallocr.o)
                                                  c:/program files (x86)/gnu tools arm embedded/7 2018-q2-update/bin/../lib/gcc/arm-none-eabi/7.3.1/../../../../arm-none-eabi/lib/thumb/v7-m\libc_nano.a(lib_a-nano-freer.o)
__malloc_sbrk_start                               c:/program files (x86)/gnu tools arm embedded/7 2018-q2-update/bin/../lib/gcc/arm-none-eabi/7.3.1/../../../../arm-none-eabi/lib/thumb/v7-m\libc_nano.a(lib_a-nano-mallocr.o)
__malloc_unlock                                   c:/program files (x86)/gnu tools arm embedded/7 2018-q2-update/bin/../lib/gcc/arm-none-eabi/7.3.1/../../../../arm-none-eabi/lib/thumb/v7-m\libc_nano.a(lib_a-mlock.o)
                                                  c:/program files (x86)/gnu tools arm embedded/7 2018-q2-update/bin/../lib/gcc/arm-none-eabi/7.3.1/../../../../arm-none-eabi/lib/thumb/v7-m\libc_nano.a(lib_a-nano-mallocr.o)
                                                  c:/program files (x86)/gnu tools arm embedded/7 2018-q2-update/bin/../lib/gcc/arm-none-eabi/7.3.1/../../../../arm-none-eabi/lib/thumb/v7-m\libc_nano.a(lib_a-nano-freer.o)
__preinit_array_end                               c:/program files (x86)/gnu tools arm embedded/7 2018-q2-update/bin/../lib/gcc/arm-none-eabi/7.3.1/../../../../arm-none-eabi/lib/thumb/v7-m\libc_nano.a(lib_a-init.o)
__preinit_array_start                             c:/program files (x86)/gnu tools arm embedded/7 2018-q2-update/bin/../lib/gcc/arm-none-eabi/7.3.1/../../../../arm-none-eabi/lib/thumb/v7-m\libc_nano.a(lib_a-init.o)
__register_frame_info                             c:/program files (x86)/gnu tools arm embedded/7 2018-q2-update/bin/../lib/gcc/arm-none-eabi/7.3.1/thumb/v7-m/crtbegin.o
__sf_fake_stderr                                  c:/program files (x86)/gnu tools arm embedded/7 2018-q2-update/bin/../lib/gcc/arm-none-eabi/7.3.1/../../../../arm-none-eabi/lib/thumb/v7-m\libc_nano.a(lib_a-impure.o)
__sf_fake_stdin                                   c:/program files (x86)/gnu tools arm embedded/7 2018-q2-update/bin/../lib/gcc/arm-none-eabi/7.3.1/../../../../arm-none-eabi/lib/thumb/v7-m\libc_nano.a(lib_a-impure.o)
__sf_fake_stdout                                  c:/program files (x86)/gnu tools arm embedded/7 2018-q2-update/bin/../lib/gcc/arm-none-eabi/7.3.1/../../../../arm-none-eabi/lib/thumb/v7-m\libc_nano.a(lib_a-impure.o)
__ssprint_r                                       c:/program files (x86)/gnu tools arm embedded/7 2018-q2-update/bin/../lib/gcc/arm-none-eabi/7.3.1/../../../../arm-none-eabi/lib/thumb/v7-m\libc_nano.a(lib_a-nano-svfprintf.o)
__ssputs_r                                        c:/program files (x86)/gnu tools arm embedded/7 2018-q2-update/bin/../lib/gcc/arm-none-eabi/7.3.1/../../../../arm-none-eabi/lib/thumb/v7-m\libc_nano.a(lib_a-nano-svfprintf.o)
__stack                                           c:/program files (x86)/gnu tools arm embedded/7 2018-q2-update/bin/../lib/gcc/arm-none-eabi/7.3.1/../../../../arm-none-eabi/lib/thumb/v7-m/crt0.o
_ebss                                             build/startup_stm32f103xb.o
_edata                                            build/startup_stm32f103xb.o
_estack                                           build/startup_stm32f103xb.o
_exit                                             c:/program files (x86)/gnu tools arm embedded/7 2018-q2-update/bin/../lib/gcc/arm-none-eabi/7.3.1/../../../../arm-none-eabi/lib/thumb/v7-m\libnosys.a(_exit.o)
                                                  c:/program files (x86)/gnu tools arm embedded/7 2018-q2-update/bin/../lib/gcc/arm-none-eabi/7.3.1/../../../../arm-none-eabi/lib/thumb/v7-m\libc_nano.a(lib_a-exit.o)
_fini                                             c:/program files (x86)/gnu tools arm embedded/7 2018-q2-update/bin/../lib/gcc/arm-none-eabi/7.3.1/thumb/v7-m/crti.o
_free_r                                           c:/program files (x86)/gnu tools arm embedded/7 2018-q2-update/bin/../lib/gcc/arm-none-eabi/7.3.1/../../../../arm-none-eabi/lib/thumb/v7-m\libc_nano.a(lib_a-nano-freer.o)
                                                  c:/program files (x86)/gnu tools arm embedded/7 2018-q2-update/bin/../lib/gcc/arm-none-eabi/7.3.1/../../../../arm-none-eabi/lib/thumb/v7-m\libc_nano.a(lib_a-reent.o)
                                                  c:/program files (x86)/gnu tools arm embedded/7 2018-q2-update/bin/../lib/gcc/arm-none-eabi/7.3.1/../../../../arm-none-eabi/lib/thumb/v7-m\libc_nano.a(lib_a-nano-reallocr.o)
                                                  c:/program files (x86)/gnu tools arm embedded/7 2018-q2-update/bin/../lib/gcc/arm-none-eabi/7.3.1/../../../../arm-none-eabi/lib/thumb/v7-m\libc_nano.a(lib_a-nano-svfprintf.o)
_global_impure_ptr                                c:/program files (x86)/gnu tools arm embedded/7 2018-q2-update/bin/../lib/gcc/arm-none-eabi/7.3.1/../../../../arm-none-eabi/lib/thumb/v7-m\libc_nano.a(lib_a-impure.o)
                                                  c:/program files (x86)/gnu tools arm embedded/7 2018-q2-update/bin/../lib/gcc/arm-none-eabi/7.3.1/../../../../arm-none-eabi/lib/thumb/v7-m\libc_nano.a(lib_a-exit.o)
_impure_ptr                                       c:/program files (x86)/gnu tools arm embedded/7 2018-q2-update/bin/../lib/gcc/arm-none-eabi/7.3.1/../../../../arm-none-eabi/lib/thumb/v7-m\libc_nano.a(lib_a-impure.o)
                                                  c:/program files (x86)/gnu tools arm embedded/7 2018-q2-update/bin/../lib/gcc/arm-none-eabi/7.3.1/../../../../arm-none-eabi/lib/thumb/v7-m\libc_nano.a(lib_a-reent.o)
                                                  c:/program files (x86)/gnu tools arm embedded/7 2018-q2-update/bin/../lib/gcc/arm-none-eabi/7.3.1/../../../../arm-none-eabi/lib/thumb/v7-m\libc_nano.a(lib_a-sprintf.o)
_init                                             c:/program files (x86)/gnu tools arm embedded/7 2018-q2-update/bin/../lib/gcc/arm-none-eabi/7.3.1/thumb/v7-m/crti.o
                                                  c:/program files (x86)/gnu tools arm embedded/7 2018-q2-update/bin/../lib/gcc/arm-none-eabi/7.3.1/../../../../arm-none-eabi/lib/thumb/v7-m\libc_nano.a(lib_a-init.o)
_mainCRTStartup                                   c:/program files (x86)/gnu tools arm embedded/7 2018-q2-update/bin/../lib/gcc/arm-none-eabi/7.3.1/../../../../arm-none-eabi/lib/thumb/v7-m/crt0.o
_malloc_r                                         c:/program files (x86)/gnu tools arm embedded/7 2018-q2-update/bin/../lib/gcc/arm-none-eabi/7.3.1/../../../../arm-none-eabi/lib/thumb/v7-m\libc_nano.a(lib_a-nano-mallocr.o)
                                                  c:/program files (x86)/gnu tools arm embedded/7 2018-q2-update/bin/../lib/gcc/arm-none-eabi/7.3.1/../../../../arm-none-eabi/lib/thumb/v7-m\libc_nano.a(lib_a-nano-reallocr.o)
                                                  c:/program files (x86)/gnu tools arm embedded/7 2018-q2-update/bin/../lib/gcc/arm-none-eabi/7.3.1/../../../../arm-none-eabi/lib/thumb/v7-m\libc_nano.a(lib_a-nano-svfprintf.o)
_malloc_usable_size_r                             c:/program files (x86)/gnu tools arm embedded/7 2018-q2-update/bin/../lib/gcc/arm-none-eabi/7.3.1/../../../../arm-none-eabi/lib/thumb/v7-m\libc_nano.a(lib_a-nano-msizer.o)
                                                  c:/program files (x86)/gnu tools arm embedded/7 2018-q2-update/bin/../lib/gcc/arm-none-eabi/7.3.1/../../../../arm-none-eabi/lib/thumb/v7-m\libc_nano.a(lib_a-nano-reallocr.o)
_printf_common                                    c:/program files (x86)/gnu tools arm embedded/7 2018-q2-update/bin/../lib/gcc/arm-none-eabi/7.3.1/../../../../arm-none-eabi/lib/thumb/v7-m\libc_nano.a(lib_a-nano-vfprintf_i.o)
_printf_float                                     c:/program files (x86)/gnu tools arm embedded/7 2018-q2-update/bin/../lib/gcc/arm-none-eabi/7.3.1/../../../../arm-none-eabi/lib/thumb/v7-m\libc_nano.a(lib_a-nano-svfprintf.o)
_printf_i                                         c:/program files (x86)/gnu tools arm embedded/7 2018-q2-update/bin/../lib/gcc/arm-none-eabi/7.3.1/../../../../arm-none-eabi/lib/thumb/v7-m\libc_nano.a(lib_a-nano-vfprintf_i.o)
                                                  c:/program files (x86)/gnu tools arm embedded/7 2018-q2-update/bin/../lib/gcc/arm-none-eabi/7.3.1/../../../../arm-none-eabi/lib/thumb/v7-m\libc_nano.a(lib_a-nano-svfprintf.o)
_realloc_r                                        c:/program files (x86)/gnu tools arm embedded/7 2018-q2-update/bin/../lib/gcc/arm-none-eabi/7.3.1/../../../../arm-none-eabi/lib/thumb/v7-m\libc_nano.a(lib_a-nano-reallocr.o)
                                                  c:/program files (x86)/gnu tools arm embedded/7 2018-q2-update/bin/../lib/gcc/arm-none-eabi/7.3.1/../../../../arm-none-eabi/lib/thumb/v7-m\libc_nano.a(lib_a-nano-svfprintf.o)
_reclaim_reent                                    c:/program files (x86)/gnu tools arm embedded/7 2018-q2-update/bin/../lib/gcc/arm-none-eabi/7.3.1/../../../../arm-none-eabi/lib/thumb/v7-m\libc_nano.a(lib_a-reent.o)
_sbrk                                             c:/program files (x86)/gnu tools arm embedded/7 2018-q2-update/bin/../lib/gcc/arm-none-eabi/7.3.1/../../../../arm-none-eabi/lib/thumb/v7-m\libnosys.a(sbrk.o)
                                                  c:/program files (x86)/gnu tools arm embedded/7 2018-q2-update/bin/../lib/gcc/arm-none-eabi/7.3.1/../../../../arm-none-eabi/lib/thumb/v7-m\libc_nano.a(lib_a-sbrkr.o)
_sbrk_r                                           c:/program files (x86)/gnu tools arm embedded/7 2018-q2-update/bin/../lib/gcc/arm-none-eabi/7.3.1/../../../../arm-none-eabi/lib/thumb/v7-m\libc_nano.a(lib_a-sbrkr.o)
                                                  c:/program files (x86)/gnu tools arm embedded/7 2018-q2-update/bin/../lib/gcc/arm-none-eabi/7.3.1/../../../../arm-none-eabi/lib/thumb/v7-m\libc_nano.a(lib_a-nano-mallocr.o)
_sbss                                             build/startup_stm32f103xb.o
_sdata                                            build/startup_stm32f103xb.o
_sidata                                           build/startup_stm32f103xb.o
_siprintf_r                                       c:/program files (x86)/gnu tools arm embedded/7 2018-q2-update/bin/../lib/gcc/arm-none-eabi/7.3.1/../../../../arm-none-eabi/lib/thumb/v7-m\libc_nano.a(lib_a-sprintf.o)
_sprintf_r                                        c:/program files (x86)/gnu tools arm embedded/7 2018-q2-update/bin/../lib/gcc/arm-none-eabi/7.3.1/../../../../arm-none-eabi/lib/thumb/v7-m\libc_nano.a(lib_a-sprintf.o)
_start                                            c:/program files (x86)/gnu tools arm embedded/7 2018-q2-update/bin/../lib/gcc/arm-none-eabi/7.3.1/../../../../arm-none-eabi/lib/thumb/v7-m/crt0.o
_svfiprintf_r                                     c:/program files (x86)/gnu tools arm embedded/7 2018-q2-update/bin/../lib/gcc/arm-none-eabi/7.3.1/../../../../arm-none-eabi/lib/thumb/v7-m\libc_nano.a(lib_a-nano-svfprintf.o)
_svfprintf_r                                      c:/program files (x86)/gnu tools arm embedded/7 2018-q2-update/bin/../lib/gcc/arm-none-eabi/7.3.1/../../../../arm-none-eabi/lib/thumb/v7-m\libc_nano.a(lib_a-nano-svfprintf.o)
                                                  c:/program files (x86)/gnu tools arm embedded/7 2018-q2-update/bin/../lib/gcc/arm-none-eabi/7.3.1/../../../../arm-none-eabi/lib/thumb/v7-m\libc_nano.a(lib_a-sprintf.o)
atexit                                            c:/program files (x86)/gnu tools arm embedded/7 2018-q2-update/bin/../lib/gcc/arm-none-eabi/7.3.1/../../../../arm-none-eabi/lib/thumb/v7-m/crt0.o
blocked                                           build/main.o
cleanup_glue                                      c:/program files (x86)/gnu tools arm embedded/7 2018-q2-update/bin/../lib/gcc/arm-none-eabi/7.3.1/../../../../arm-none-eabi/lib/thumb/v7-m\libc_nano.a(lib_a-reent.o)
end                                               c:/program files (x86)/gnu tools arm embedded/7 2018-q2-update/bin/../lib/gcc/arm-none-eabi/7.3.1/../../../../arm-none-eabi/lib/thumb/v7-m\libnosys.a(sbrk.o)
errno                                             c:/program files (x86)/gnu tools arm embedded/7 2018-q2-update/bin/../lib/gcc/arm-none-eabi/7.3.1/../../../../arm-none-eabi/lib/thumb/v7-m\libc_nano.a(lib_a-reent.o)
                                                  c:/program files (x86)/gnu tools arm embedded/7 2018-q2-update/bin/../lib/gcc/arm-none-eabi/7.3.1/../../../../arm-none-eabi/lib/thumb/v7-m\libc_nano.a(lib_a-sbrkr.o)
exit                                              c:/program files (x86)/gnu tools arm embedded/7 2018-q2-update/bin/../lib/gcc/arm-none-eabi/7.3.1/../../../../arm-none-eabi/lib/thumb/v7-m\libc_nano.a(lib_a-exit.o)
                                                  c:/program files (x86)/gnu tools arm embedded/7 2018-q2-update/bin/../lib/gcc/arm-none-eabi/7.3.1/../../../../arm-none-eabi/lib/thumb/v7-m/crt0.o
g_pfnVectors                                      build/startup_stm32f103xb.o
hadc1                                             build/main.o
hardware_init_hook                                c:/program files (x86)/gnu tools arm embedded/7 2018-q2-update/bin/../lib/gcc/arm-none-eabi/7.3.1/../../../../arm-none-eabi/lib/thumb/v7-m/crt0.o
hdma_adc1                                         build/main.o
                                                  build/stm32f1xx_hal_msp.o
                                                  build/stm32f1xx_it.o
hspi2                                             build/main.o
                                                  build/xpt2046.o
main                                              build/main.o
                                                  build/startup_stm32f103xb.o
                                                  c:/program files (x86)/gnu tools arm embedded/7 2018-q2-update/bin/../lib/gcc/arm-none-eabi/7.3.1/../../../../arm-none-eabi/lib/thumb/v7-m/crt0.o
memchr                                            c:/program files (x86)/gnu tools arm embedded/7 2018-q2-update/bin/../lib/gcc/arm-none-eabi/7.3.1/../../../../arm-none-eabi/lib/thumb/v7-m\libc_nano.a(lib_a-memchr-stub.o)
                                                  c:/program files (x86)/gnu tools arm embedded/7 2018-q2-update/bin/../lib/gcc/arm-none-eabi/7.3.1/../../../../arm-none-eabi/lib/thumb/v7-m\libc_nano.a(lib_a-nano-vfprintf_i.o)
                                                  c:/program files (x86)/gnu tools arm embedded/7 2018-q2-update/bin/../lib/gcc/arm-none-eabi/7.3.1/../../../../arm-none-eabi/lib/thumb/v7-m\libc_nano.a(lib_a-nano-svfprintf.o)
memcpy                                            c:/program files (x86)/gnu tools arm embedded/7 2018-q2-update/bin/../lib/gcc/arm-none-eabi/7.3.1/../../../../arm-none-eabi/lib/thumb/v7-m\libc_nano.a(lib_a-memcpy-stub.o)
                                                  c:/program files (x86)/gnu tools arm embedded/7 2018-q2-update/bin/../lib/gcc/arm-none-eabi/7.3.1/../../../../arm-none-eabi/lib/thumb/v7-m\libc_nano.a(lib_a-nano-reallocr.o)
                                                  c:/program files (x86)/gnu tools arm embedded/7 2018-q2-update/bin/../lib/gcc/arm-none-eabi/7.3.1/../../../../arm-none-eabi/lib/thumb/v7-m\libc_nano.a(lib_a-nano-svfprintf.o)
                                                  build/main.o
memmove                                           c:/program files (x86)/gnu tools arm embedded/7 2018-q2-update/bin/../lib/gcc/arm-none-eabi/7.3.1/../../../../arm-none-eabi/lib/thumb/v7-m\libc_nano.a(lib_a-memmove.o)
                                                  c:/program files (x86)/gnu tools arm embedded/7 2018-q2-update/bin/../lib/gcc/arm-none-eabi/7.3.1/../../../../arm-none-eabi/lib/thumb/v7-m\libc_nano.a(lib_a-nano-svfprintf.o)